******************************************************************************
                  TI ARM Linker Unix v5.1.5                    
******************************************************************************
>> Linked Thu Nov  3 20:17:09 2016

OUTPUT FILE NAME:   </home/travis/build/hello/kitsune/kitsune/main/ccs/exe/kitsune.out>
ENTRY POINT SYMBOL: "_c_int00"  address: 01012809


MEMORY CONFIGURATION

         name            origin    length      used     unused   attr    fill
----------------------  --------  ---------  --------  --------  ----  --------
  FLASH_CODE            0100a000   000f5fff  00057ee6  0009e119  R  X
  SRAM_DATA             20000000   00040000  0003de28  000021d8  RW X


SEGMENT ALLOCATION MAP

run origin  load origin   length   init length attrs members
----------  ----------- ---------- ----------- ----- -------
0100a000    0100a000    00000040   00000040    r--
  0100a000    0100a000    00000040   00000040    r-- .resetVecs
0100e070    0100e070    00040c68   00040c68    r-x
  0100e070    0100e070    0002b3be   0002b3be    r-x .text
  01039430    01039430    00015896   00015896    r-- .const
  0104ecc8    0104ecc8    00000010   00000010    r-- .binit
0104f000    0104f000    00013218   00013218    r--
  0104f000    0104f000    00011400   00011400    r-- .weights
  01060400    01060400    00001e18   00001e18    r-- .cinit
20000000    20000000    00036aae   00000000    rw-
  20000000    20000000    00036aae   00000000    rw- .bss
20036ab0    0100a040    0000402a   0000402a    r-x
  20036ab0    0100a040    0000402a   0000402a    r-x .ramcode
2003aae0    2003aae0    00002950   00000000    rw-
  2003aae0    2003aae0    00002950   00000000    rw- .data
2003d800    2003d800    00000400   00000000    rw-
  2003d800    2003d800    00000400   00000000    rw- .ramvecs
2003fa00    2003fa00    00000600   00000000    rw-
  2003fa00    2003fa00    00000600   00000000    rw- .stack


SECTION ALLOCATION MAP

 output                                  attributes/
section   page    origin      length       input sections
--------  ----  ----------  ----------   ----------------
.init_array 
*          0    0100a000    00000000     UNINITIALIZED

.resetVecs 
*          0    0100a000    00000040     
                  0100a000    00000040     startup_ccs.obj (.resetVecs)

.ramcode   0    0100a040    0000402a     RUN ADDR = 20036ab0
                  0100a040    0000000c     FreeRTOS.a : tasks.obj (.ramcode:xTaskGetCurrentTaskHandle)
                  0100a04c    00000020                : tasks.obj (.ramcode:xTaskGetSchedulerState)
                  0100a06c    00000030                : tasks.obj (.ramcode:vTaskSetTimeOutState)
                  0100a09c    00000010                : tasks.obj (.ramcode:vTaskSuspendAll)
                  0100a0ac    00000088                : tasks.obj (.ramcode:xTaskCheckForTimeOut)
                  0100a134    00000026                : list.obj (.ramcode:uxListRemove)
                  0100a15a    00000018                : list.obj (.ramcode:vListInsertEnd)
                  0100a172    00000002     --HOLE-- [fill = 0]
                  0100a174    00000094                : tasks.obj (.ramcode:xTaskRemoveFromEventList)
                  0100a208    0000000c                : tasks.obj (.ramcode:vTaskMissedYield)
                  0100a214    00000062                : queue.obj (.ramcode:prvUnlockQueue)
                  0100a276    00000002     --HOLE-- [fill = 0]
                  0100a278    00000144                : tasks.obj (.ramcode:xTaskIncrementTick)
                  0100a3bc    000000fc                : tasks.obj (.ramcode:xTaskResumeAll)
                  0100a4b8    0000001a                : queue.obj (.ramcode:prvIsQueueEmpty)
                  0100a4d2    00000002     --HOLE-- [fill = 0]
                  0100a4d4    00000098                : tasks.obj (.ramcode:vTaskPriorityInherit)
                  0100a56c    00000032                : list.obj (.ramcode:vListInsert)
                  0100a59e    00000002     --HOLE-- [fill = 0]
                  0100a5a0    0000005c                : tasks.obj (.ramcode:prvAddCurrentTaskToDelayedList)
                  0100a5fc    00000078                : tasks.obj (.ramcode:vTaskPlaceOnEventList)
                  0100a674    00000024                : queue.obj (.ramcode:prvCopyDataFromQueue)
                  0100a698    00000018                : tasks.obj (.ramcode:pvTaskIncrementMutexHeldCount)
                  0100a6b0    0000023e                : queue.obj (.ramcode:xQueueGenericReceive)
                  0100a8ee    00000002     --HOLE-- [fill = 0]
                  0100a8f0    00000044                : queue.obj (.ramcode:xQueueTakeMutexRecursive)
                  0100a934    000000a0                : tasks.obj (.ramcode:ulTaskNotifyTake)
                  0100a9d4    00000018                : tasks.obj (.ramcode:xTaskGetTickCount)
                  0100a9ec    00000080                : tasks.obj (.ramcode:vTaskDelay)
                  0100aa6c    0000001e                : queue.obj (.ramcode:prvIsQueueFull)
                  0100aa8a    00000002     --HOLE-- [fill = 0]
                  0100aa8c    000000cc                : tasks.obj (.ramcode:xTaskPriorityDisinherit)
                  0100ab58    00000076                : queue.obj (.ramcode:prvCopyDataToQueue)
                  0100abce    00000002     --HOLE-- [fill = 0]
                  0100abd0    0000023a                : queue.obj (.ramcode:xQueueGenericSend)
                  0100ae0a    00000002     --HOLE-- [fill = 0]
                  0100ae0c    0000003c                : queue.obj (.ramcode:xQueueGiveMutexRecursive)
                  0100ae48    00000028                : queue.obj (.ramcode:uxQueueSpacesAvailable)
                  0100ae70    000000b4                : tasks.obj (.ramcode:xTaskRemoveFromUnorderedEventList)
                  0100af24    000000c5                : event_groups.obj (.ramcode:xEventGroupSetBits)
                  0100afe9    00000003     --HOLE-- [fill = 0]
                  0100afec    0000000c                : heap_6.obj (.ramcode:xPortGetFreeHeapSize)
                  0100aff8    00000104                : heap_6.obj (.ramcode:vPortFree)
                  0100b0fc    00000118                : heap_6.obj (.ramcode:vPortDefineHeapRegions)
                  0100b214    000000d0                : heap_6.obj (.ramcode:pvPortMalloc)
                  0100b2e4    00000016                : list.obj (.ramcode:vListInitialise)
                  0100b2fa    00000002     --HOLE-- [fill = 0]
                  0100b2fc    00000074                : queue.obj (.ramcode:xQueueGenericReset)
                  0100b370    0000008c                : queue.obj (.ramcode:xQueueGenericCreate)
                  0100b3fc    0000003c                : tasks.obj (.ramcode:prvAllocateTCBAndStack)
                  0100b438    00000006                : list.obj (.ramcode:vListInitialiseItem)
                  0100b43e    0000004c                : tasks.obj (.ramcode:prvInitialiseTCBVariables)
                  0100b48a    00000002     --HOLE-- [fill = 0]
                  0100b48c    00000020                : port.obj (.ramcode:pxPortInitialiseStack)
                  0100b4ac    00000064                : tasks.obj (.ramcode:prvInitialiseTaskLists)
                  0100b510    00000188                : tasks.obj (.ramcode:xTaskGenericCreate)
                  0100b698    00000034                : queue.obj (.ramcode:vQueueAddToRegistry)
                  0100b6cc    00000074                : timers.obj (.ramcode:prvCheckForValidListAndQueue)
                  0100b740    00000050                : timers.obj (.ramcode:xTimerCreateTimerTask)
                  0100b790    000000e8                : tasks.obj (.ramcode:vTaskSwitchContext)
                  0100b878    0000008c                : port.obj (.ramcode:xPortStartScheduler)
                  0100b904    00000074                : tasks.obj (.ramcode:vTaskStartScheduler)
                  0100b978    0000001a                : event_groups.obj (.ramcode:xEventGroupCreate)
                  0100b992    0000004c                : queue.obj (.ramcode:xQueueCreateMutex)
                  0100b9de    00000002     --HOLE-- [fill = 0]
                  0100b9e0    00000024                : queue.obj (.ramcode:vQueueUnregisterQueue)
                  0100ba04    00000030                : queue.obj (.ramcode:vQueueDelete)
                  0100ba34    0000014b                : queue.obj (.ramcode:xQueueGenericSendFromISR)
                  0100bb7f    00000001     --HOLE-- [fill = 0]
                  0100bb80    00000060                : timers.obj (.ramcode:xTimerCreate)
                  0100bbe0    00000073                : event_groups.obj (.ramcode:xEventGroupClearBits)
                  0100bc53    00000001     --HOLE-- [fill = 0]
                  0100bc54    00000078                : timers.obj (.ramcode:xTimerGenericCommand)
                  0100bccc    000000ac                : tasks.obj (.ramcode:vTaskPlaceOnUnorderedEventList)
                  0100bd78    00000018                : tasks.obj (.ramcode:uxTaskResetEventItemValue)
                  0100bd90    00000186                : event_groups.obj (.ramcode:xEventGroupWaitBits)
                  0100bf16    00000002     --HOLE-- [fill = 0]
                  0100bf18    000000d4                : tasks.obj (.ramcode:vTaskDelete)
                  0100bfec    00000012                : tasks.obj (.ramcode:prvDeleteTCB)
                  0100bffe    00000002     --HOLE-- [fill = 0]
                  0100c000    00000058                : tasks.obj (.ramcode:prvCheckTasksWaitingTermination)
                  0100c058    000000a6     led_cmd.obj (.ramcode:led_slow)
                  0100c0fe    0000001a     led_cmd.obj (.ramcode:set_low)
                  0100c118    00000113     FreeRTOS.a : queue.obj (.ramcode:xQueueGiveFromISR)
                  0100c22b    00000001     --HOLE-- [fill = 0]
                  0100c22c    00000024     fft.obj (.ramcode:bitexp)
                  0100c250    000000d8     FreeRTOS.a : tasks.obj (.ramcode:vTaskDelayUntil)
                  0100c328    0000001c                : tasks.obj (.ramcode:xTaskGetTickCountFromISR)
                  0100c344    00000020                : timers.obj (.ramcode:prvGetNextExpireTime)
                  0100c364    00000078                : timers.obj (.ramcode:prvSwitchTimerLists)
                  0100c3dc    0000002c                : timers.obj (.ramcode:prvSampleTimeNow)
                  0100c408    00000044                : timers.obj (.ramcode:prvInsertTimerInActiveList)
                  0100c44c    00000058                : timers.obj (.ramcode:prvProcessExpiredTimer)
                  0100c4a4    00000080                : tasks.obj (.ramcode:vTaskPlaceOnEventListRestricted)
                  0100c524    00000040                : queue.obj (.ramcode:vQueueWaitForMessageRestricted)
                  0100c564    00000060                : timers.obj (.ramcode:prvProcessTimerOrBlockTask)
                  0100c5c4    000000e4                : timers.obj (.ramcode:prvProcessReceivedCommands)
                  0100c6a8    00000014                : timers.obj (.ramcode:prvTimerTask)
                  0100c6bc    00000210                : heap_6.obj (.ramcode:pvPortRealloc)
                  0100c8cc    0000002c     fft.obj (.ramcode:bitlog)
                  0100c8f8    00000023     FreeRTOS.a : queue.obj (.ramcode:uxQueueMessagesWaiting)
                  0100c91b    00000001     --HOLE-- [fill = 0]
                  0100c91c    00000014                : tasks.obj (.ramcode:prvTaskCheckFreeStackSpace)
                  0100c930    0000008c                : tasks.obj (.ramcode:prvListTaskWithinSingleList)
                  0100c9bc    0000009c                : tasks.obj (.ramcode:uxTaskGetSystemState)
                  0100ca58    000000c4                : tasks.obj (.ramcode:vTaskList)
                  0100cb1c    0000004c     tinytensor_lstm_layer.obj (.ramcode:tinytensor_create_lstm_layer)
                  0100cb68    00000054     keyword_net.obj (.ramcode:keyword_net_initialize)
                  0100cbbc    00000024     keyword_net.obj (.ramcode:keyword_net_register_callback)
                  0100cbe0    00000010     keyword_net.obj (.ramcode:keyword_net_register_speech_callback)
                  0100cbf0    00000044     fft.obj (.ramcode:fxd_sin)
                  0100cc34    00000138     fft.obj (.ramcode:fft)
                  0100cd6c    000000c8     tinytensor_features.obj (.ramcode:tinytensor_features_get_mel_bank)
                  0100ce34    000000c0     audiofeatures.obj (.ramcode:getvolume)
                  0100cef4    0000022c     tinytensor_features.obj (.ramcode:add_samples_and_get_mel)
                  0100d120    00000078     tinytensor_features.obj (.ramcode:tinytensor_features_add_samples)
                  0100d198    00000020     keyword_net.obj (.ramcode:keyword_net_deinitialize)
                  0100d1b8    00000104     FreeRTOS.a : tasks.obj (.ramcode:vTaskNotifyGiveFromISR)
                  0100d2bc    0000047a     pcm_handler.obj (.ramcode:DMAPingPongCompleteAppCB_opt)
                  0100d736    00000002     --HOLE-- [fill = 0]
                  0100d738    000001d0     keyword_net.obj (.ramcode:feats_callback)
                  0100d908    0000007c     fft.obj (.ramcode:fix_window)
                  0100d984    00000038     tinytensor_lstm_layer.obj (.ramcode:hard_sigmoid)
                  0100d9bc    000001a4     tinytensor_lstm_layer.obj (.ramcode:lstm_time_step_forwards)
                  0100db60    00000152     tinytensor_lstm_layer.obj (.ramcode:eval_helper)
                  0100dcb2    0000005e     tinytensor_lstm_layer.obj (.ramcode:eval)
                  0100dd10    0000008c     tinytensor_math.obj (.ramcode:tinytensor_tanh)
                  0100dd9c    0000000a     hlo_m4.obj (.tramp.hlo_asm_accumulate.1)
                  0100dda6    00000002     --HOLE-- [fill = 0]
                  0100dda8    0000000a     net_stats.obj (.tramp.net_stats_record_activation.1)
                  0100ddb2    00000002     --HOLE-- [fill = 0]
                  0100ddb4    0000000a     keyword_net.obj (.tramp.net_stats_update_counts.1)
                  0100ddbe    00000002     --HOLE-- [fill = 0]
                  0100ddc0    0000000a     uart_logger.obj (.tramp.uart_logf.1)
                  0100ddca    00000002     --HOLE-- [fill = 0]
                  0100ddcc    0000000a     tinytensor_net.obj (.tramp.tinytensor_eval_stateful_net.1)
                  0100ddd6    00000002     --HOLE-- [fill = 0]
                  0100ddd8    0000000a     audio_features_upload_task.obj (.tramp.audio_features_upload_task_buffer_bytes.1)
                  0100dde2    00000002     --HOLE-- [fill = 0]
                  0100dde4    0000000a     FreeRTOS.a : SEGGER_SYSVIEW.obj (.tramp.SEGGER_SYSVIEW_RecordExitISRToScheduler.1)
                  0100ddee    00000002     --HOLE-- [fill = 0]
                  0100ddf0    0000000a                : SEGGER_SYSVIEW.obj (.tramp.SEGGER_SYSVIEW_RecordExitISR.1)
                  0100ddfa    00000002     --HOLE-- [fill = 0]
                  0100ddfc    0000000a     circ_buff.obj (.tramp.ReadBuffer.1)
                  0100de06    00000002     --HOLE-- [fill = 0]
                  0100de08    0000000a     circ_buff.obj (.tramp.FillBuffer.1)
                  0100de12    00000002     --HOLE-- [fill = 0]
                  0100de14    0000000a     circ_buff.obj (.tramp.GetBufferSize.1)
                  0100de1e    00000002     --HOLE-- [fill = 0]
                  0100de20    0000000a     FreeRTOS.a : SEGGER_SYSVIEW.obj (.tramp.SEGGER_SYSVIEW_RecordEnterISR.1)
                  0100de2a    00000002     --HOLE-- [fill = 0]
                  0100de2c    0000000a     tinytensor_net.obj (.tramp.tinytensor_free_states.1)
                  0100de36    00000002     --HOLE-- [fill = 0]
                  0100de38    0000000a     tinytensor_features.obj (.tramp.tinytensor_features_deinitialize.1)
                  0100de42    00000002     --HOLE-- [fill = 0]
                  0100de44    0000000a     audiofeatures.obj (.tramp.set_background_energy.1)
                  0100de4e    00000002     --HOLE-- [fill = 0]
                  0100de50    0000000a     tinytensor_features.obj (.tramp.do_voice_activity_detection.1)
                  0100de5a    00000002     --HOLE-- [fill = 0]
                  0100de5c    0000000a     rtsv7M4_T_le_eabi.lib : ll_mul_t2.obj (.tramp.__aeabi_lmul.1)
                  0100de66    00000002     --HOLE-- [fill = 0]
                  0100de68    0000000a     hellomath.obj (.tramp.FixedPointLog2Q10.1)
                  0100de72    00000002     --HOLE-- [fill = 0]
                  0100de74    0000000a     tinytensor_features.obj (.tramp.tinytensor_features_initialize.1)
                  0100de7e    00000002     --HOLE-- [fill = 0]
                  0100de80    0000000a     tinytensor_net.obj (.tramp.tinytensor_allocate_states.1)
                  0100de8a    00000002     --HOLE-- [fill = 0]
                  0100de8c    0000000a     net_stats.obj (.tramp.net_stats_init.1)
                  0100de96    00000002     --HOLE-- [fill = 0]
                  0100de98    0000000a     keyword_net.obj (.tramp.initialize_network.1)
                  0100dea2    00000002     --HOLE-- [fill = 0]
                  0100dea4    0000000a     rtsv7M4_T_le_eabi.lib : strlen.obj (.tramp.strlen.1)
                  0100deae    00000002     --HOLE-- [fill = 0]
                  0100deb0    0000000a     ustdlib.obj (.tramp.usprintf.1)
                  0100deba    00000002     --HOLE-- [fill = 0]
                  0100debc    0000000a     FreeRTOS.a : tasks.obj (.tramp.prvWriteNameToBuffer.1)
                  0100dec6    00000002     --HOLE-- [fill = 0]
                  0100dec8    0000000a     rtsv7M4_T_le_eabi.lib : memmov.obj (.tramp.memmove.1)
                  0100ded2    00000002     --HOLE-- [fill = 0]
                  0100ded4    0000000a     FreeRTOS.a : SEGGER_SYSVIEW.obj (.tramp.SEGGER_SYSVIEW_RecordVoid.1)
                  0100dede    00000002     --HOLE-- [fill = 0]
                  0100dee0    0000000a     driverlib.a : utils.obj (.tramp.UtilsDelay.1)
                  0100deea    00000002     --HOLE-- [fill = 0]
                  0100deec    0000000a     FreeRTOS.a : SEGGER_SYSVIEW_FreeRTOS.obj (.tramp.SYSVIEW_DeleteTask.1)
                  0100def6    00000002     --HOLE-- [fill = 0]
                  0100def8    0000000a                : event_groups.obj (.tramp.prvTestWaitCondition.1)
                  0100df02    00000002     --HOLE-- [fill = 0]
                  0100df04    0000000a                : port.obj (.tramp.vPortClearInterruptMask.1)
                  0100df0e    00000002     --HOLE-- [fill = 0]
                  0100df10    0000000a                : port.obj (.tramp.vPortValidateInterruptPriority.1)
                  0100df1a    00000002     --HOLE-- [fill = 0]
                  0100df1c    0000000a                : port.obj (.tramp.ulPortSetInterruptMask.1)
                  0100df26    00000002     --HOLE-- [fill = 0]
                  0100df28    0000000a                : port.obj (.tramp.prvTaskExitError.1)
                  0100df32    00000002     --HOLE-- [fill = 0]
                  0100df34    0000000a                : portasm.obj (.tramp.prvPortStartFirstTask.1)
                  0100df3e    00000002     --HOLE-- [fill = 0]
                  0100df40    0000000a                : port.obj (.tramp.vPortSetupTimerInterrupt.1)
                  0100df4a    00000002     --HOLE-- [fill = 0]
                  0100df4c    0000000a                : SEGGER_SYSVIEW.obj (.tramp.SEGGER_SYSVIEW_OnIdle.1)
                  0100df56    00000002     --HOLE-- [fill = 0]
                  0100df58    0000000a                : SEGGER_SYSVIEW.obj (.tramp.SEGGER_SYSVIEW_OnTaskStartExec.1)
                  0100df62    00000002     --HOLE-- [fill = 0]
                  0100df64    0000000a                : portasm.obj (.tramp.portCLZ.1)
                  0100df6e    00000002     --HOLE-- [fill = 0]
                  0100df70    0000000a     main.obj (.tramp.vApplicationStackOverflowHook.1)
                  0100df7a    00000002     --HOLE-- [fill = 0]
                  0100df7c    0000000a     FreeRTOS.a : SEGGER_SYSVIEW_FreeRTOS.obj (.tramp.SYSVIEW_AddTask.1)
                  0100df86    00000002     --HOLE-- [fill = 0]
                  0100df88    0000000a                : SEGGER_SYSVIEW.obj (.tramp.SEGGER_SYSVIEW_OnTaskCreate.1)
                  0100df92    00000002     --HOLE-- [fill = 0]
                  0100df94    0000000a     rtsv7M4_T_le_eabi.lib : memset_t2.obj (.tramp.memset.1)
                  0100df9e    00000002     --HOLE-- [fill = 0]
                  0100dfa0    0000000a     FreeRTOS.a : SEGGER_SYSVIEW.obj (.tramp.SEGGER_SYSVIEW_RecordU32x3.1)
                  0100dfaa    00000002     --HOLE-- [fill = 0]
                  0100dfac    0000000a     commands.obj (.tramp.usertraceMALLOC.1)
                  0100dfb6    00000002     --HOLE-- [fill = 0]
                  0100dfb8    0000000a     FreeRTOS.a : heap_6.obj (.tramp.prvHeapInit.1)
                  0100dfc2    00000002     --HOLE-- [fill = 0]
                  0100dfc4    0000000a                : heap_6.obj (.tramp.prvInsertBlockIntoFreeList.1)
                  0100dfce    00000002     --HOLE-- [fill = 0]
                  0100dfd0    0000000a     commands.obj (.tramp.usertraceFREE.1)
                  0100dfda    00000002     --HOLE-- [fill = 0]
                  0100dfdc    0000000a     FreeRTOS.a : SEGGER_SYSVIEW.obj (.tramp.SEGGER_SYSVIEW_RecordU32x2.1)
                  0100dfe6    00000002     --HOLE-- [fill = 0]
                  0100dfe8    0000000a                : SEGGER_SYSVIEW_FreeRTOS.obj (.tramp.SYSVIEW_RecordU32x4.1)
                  0100dff2    00000002     --HOLE-- [fill = 0]
                  0100dff4    0000000a                : SEGGER_SYSVIEW.obj (.tramp.SEGGER_SYSVIEW_ShrinkId.1)
                  0100dffe    00000002     --HOLE-- [fill = 0]
                  0100e000    0000000a     rtsv7M4_T_le_eabi.lib : memcpy_t2.obj (.tramp.memcpy.1)
                  0100e00a    00000002     --HOLE-- [fill = 0]
                  0100e00c    0000000a     FreeRTOS.a : SEGGER_SYSVIEW.obj (.tramp.SEGGER_SYSVIEW_OnTaskStopReady.1)
                  0100e016    00000002     --HOLE-- [fill = 0]
                  0100e018    0000000a                : SEGGER_SYSVIEW.obj (.tramp.SEGGER_SYSVIEW_RecordU32.1)
                  0100e022    00000002     --HOLE-- [fill = 0]
                  0100e024    0000000a                : port.obj (.tramp.vPortYield.1)
                  0100e02e    00000002     --HOLE-- [fill = 0]
                  0100e030    0000000a                : tasks.obj (.tramp.prvResetNextTaskUnblockTime.1)
                  0100e03a    00000002     --HOLE-- [fill = 0]
                  0100e03c    0000000a                : SEGGER_SYSVIEW.obj (.tramp.SEGGER_SYSVIEW_OnTaskStartReady.1)
                  0100e046    00000002     --HOLE-- [fill = 0]
                  0100e048    0000000a                : port.obj (.tramp.vPortExitCritical.1)
                  0100e052    00000002     --HOLE-- [fill = 0]
                  0100e054    0000000a                : port.obj (.tramp.vPortEnterCritical.1)
                  0100e05e    00000002     --HOLE-- [fill = 0]
                  0100e060    0000000a     main.obj (.tramp.vAssertCalled.1)

.text      0    0100e070    0002b3be     
                  0100e070    0000009c     rtsv7M4_T_le_eabi.lib : memcpy_t2.obj (.text)
                  0100e10c    00000044                           : cpy_tbl.obj (.text)
                  0100e150    00000094                           : auto_init.obj (.text)
                  0100e1e4    0000000c     driverlib.a : interrupt.obj (.text:IntVTableBaseSet)
                  0100e1f0    0000008c                 : interrupt.obj (.text:IntEnable)
                  0100e27c    00000006                 : utils.obj (.text:UtilsDelay)
                  0100e282    00000010                 : prcm.obj (.text:PRCMHIBRegRead)
                  0100e292    00000002     FreeRTOS.a : port.obj (.text:vPortValidateInterruptPriority)
                  0100e294    00000054     driverlib.a : prcm.obj (.text:PRCMSysResetCauseGet)
                  0100e2e8    0000000a                 : prcm.obj (.text:PRCMHIBRegWrite)
                  0100e2f2    00000002     pb_encode.obj (.text:remove_const)
                  0100e2f4    00000034     driverlib.a : prcm.obj (.text:PRCMPeripheralClkEnable)
                  0100e328    00000040                 : prcm.obj (.text:PRCMPeripheralReset)
                  0100e368    00000018                 : prcm.obj (.text:PRCMPeripheralClkDisable)
                  0100e380    00000244                 : prcm.obj (.text:PRCMCC3200MCUInit)
                  0100e5c4    00000034     main.obj (.text:BoardInit)
                  0100e5f8    00000028     driverlib.a : pin.obj (.text:PinModeSet)
                  0100e620    00000060                 : pin.obj (.text:PinConfigSet)
                  0100e680    00000284     pinmux.obj (.text:PinMuxConfig)
                  0100e904    00000028     FreeRTOS.a : osi_freertos.obj (.text:osi_InterruptRegister)
                  0100e92c    00000078     rtsv7M4_T_le_eabi.lib : memset_t2.obj (.text)
                  0100e9a4    00000068     udma_if.obj (.text:UDMAInit)
                  0100ea0c    00000028     driverlib.a : timer.obj (.text:TimerConfigure)
                  0100ea34    00000054     timer_if.obj (.text:simplelink_timerA2_start)
                  0100ea88    00000078     FreeRTOS.a : SEGGER_RTT.obj (.text:_DoInit)
                  0100eb00    00000010                : SEGGER_RTT.obj (.text:SEGGER_RTT_Init)
                  0100eb10    00000070                : SEGGER_RTT.obj (.text:SEGGER_RTT_ConfigUpBuffer)
                  0100eb80    00000070                : SEGGER_RTT.obj (.text:SEGGER_RTT_ConfigDownBuffer)
                  0100ebf0    00000070                : SEGGER_SYSVIEW.obj (.text:SEGGER_SYSVIEW_Init)
                  0100ec60    0000000c                : SEGGER_SYSVIEW.obj (.text:SEGGER_SYSVIEW_SetRAMBase)
                  0100ec6c    00000028                : SEGGER_SYSVIEW_Config_FreeRTOS.obj (.text:SEGGER_SYSVIEW_Conf)
                  0100ec94    00000042     rtsv7M4_T_le_eabi.lib : u_divt2.obj (.text)
                  0100ecd6    00000002     tinytensor_features.obj (.text:tinytensor_features_deinitialize)
                  0100ecd8    000001fa     uart_logger.obj (.text:_va_printf)
                  0100eed2    00000002     main.obj (.text:SimpleLinkSocketTriggerEventHandler)
                  0100eed4    00000048     uart_logger.obj (.text:uart_logf)
                  0100ef1c    00000010     FreeRTOS.a : port.obj (.text:vPortClearInterruptMask)
                  0100ef2c    00000038                : port.obj (.text:vPortExitCritical)
                  0100ef64    00000010                : SEGGER_SYSVIEW.obj (.text:SEGGER_SYSVIEW_ShrinkId)
                  0100ef74    0000001c                : SEGGER_SYSVIEW.obj (.text:SEGGER_SYSVIEW_EncodeU32)
                  0100ef90    000000a4                : SEGGER_RTT.obj (.text:SEGGER_RTT_WriteSkipNoLock)
                  0100f034    0000007c                : SEGGER_SYSVIEW.obj (.text:_TrySendOverflowPacket)
                  0100f0b0    0000007c                : SEGGER_RTT.obj (.text:SEGGER_RTT_ReadNoLock)
                  0100f12c    00000004                : SEGGER_SYSVIEW.obj (.text:_PreparePacket)
                  0100f130    00000022                : SEGGER_SYSVIEW.obj (.text:_EncodeStr)
                  0100f152    00000002     startup_ccs.obj (.text:BusFaultHandler)
                  0100f154    00000078     FreeRTOS.a : SEGGER_SYSVIEW.obj (.text:SEGGER_SYSVIEW_SendModule)
                  0100f1cc    0000001c                : SEGGER_SYSVIEW.obj (.text:SEGGER_SYSVIEW_SendModuleDescription)
                  0100f1e8    0000003c                : SEGGER_SYSVIEW.obj (.text:SEGGER_SYSVIEW_SendNumModules)
                  0100f224    0000008c                : SEGGER_SYSVIEW.obj (.text:SEGGER_SYSVIEW_GetSysDesc)
                  0100f2b0    00000014                : SEGGER_SYSVIEW.obj (.text:SEGGER_SYSVIEW_SendTaskList)
                  0100f2c4    00000050                : SEGGER_SYSVIEW.obj (.text:SEGGER_SYSVIEW_RecordU32x2)
                  0100f314    00000034                : SEGGER_SYSVIEW.obj (.text:SEGGER_SYSVIEW_RecordU32)
                  0100f348    00000034                : SEGGER_SYSVIEW.obj (.text:SEGGER_SYSVIEW_RecordSystime)
                  0100f37c    00000024                : SEGGER_SYSVIEW.obj (.text:SEGGER_SYSVIEW_Stop)
                  0100f3a0    00000012                : SEGGER_SYSVIEW.obj (.text:SEGGER_SYSVIEW_RecordVoid)
                  0100f3b2    00000002     driverlib.a : interrupt.obj (.text:IntDefaultHandler)
                  0100f3b4    000000a8     FreeRTOS.a : SEGGER_SYSVIEW.obj (.text:SEGGER_SYSVIEW_Start)
                  0100f45c    0000008a                : SEGGER_SYSVIEW.obj (.text:_HandleIncomingPacket)
                  0100f4e6    00000002     startup_ccs.obj (.text:IntDefaultHandler)
                  0100f4e8    000000f0     FreeRTOS.a : SEGGER_SYSVIEW.obj (.text:_SendPacket)
                  0100f5d8    0000000c                : SEGGER_SYSVIEW.obj (.text:SEGGER_SYSVIEW_SendPacket)
                  0100f5e4    00000032                : SEGGER_SYSVIEW_FreeRTOS.obj (.text:SYSVIEW_RecordU32x4)
                  0100f616    0000000e                : port.obj (.text:ulPortSetInterruptMask)
                  0100f624    0000001c                : port.obj (.text:vPortEnterCritical)
                  0100f640    0000003c                : SEGGER_SYSVIEW.obj (.text:SEGGER_SYSVIEW_OnTaskStartReady)
                  0100f67c    0000002c                : tasks.obj (.text:prvResetNextTaskUnblockTime)
                  0100f6a8    00000018                : port.obj (.text:vPortYield)
                  0100f6c0    0000005c                : SEGGER_SYSVIEW.obj (.text:SEGGER_SYSVIEW_OnTaskStopReady)
                  0100f71c    00000008     driverlib.a : i2c.obj (.text:I2CMasterSlaveAddrSet)
                  0100f724    00000004                 : i2c.obj (.text:I2CMasterDataPut)
                  0100f728    00000004                 : i2c.obj (.text:I2CMasterIntClearEx)
                  0100f72c    00000020                 : i2c.obj (.text:_I2CIntNumberGet)
                  0100f74c    00000010                 : interrupt.obj (.text:IntRegister)
                  0100f75c    00000018                 : i2c.obj (.text:I2CIntRegister)
                  0100f774    00000008                 : i2c.obj (.text:I2CMasterIntEnableEx)
                  0100f77c    00000004                 : i2c.obj (.text:I2CMasterTimeoutSet)
                  0100f780    00000004                 : i2c.obj (.text:I2CMasterControl)
                  0100f784    00000006                 : i2c.obj (.text:I2CMasterIntDisable)
                  0100f78a    00000002     startup_ccs.obj (.text:NmiSR)
                  0100f78c    0000008c     driverlib.a : interrupt.obj (.text:IntDisable)
                  0100f818    00000014                 : interrupt.obj (.text:IntUnregister)
                  0100f82c    00000014                 : i2c.obj (.text:I2CIntUnregister)
                  0100f840    00000024                 : pin.obj (.text:PinTypeGPIO)
                  0100f864    0000001a                 : gpio.obj (.text:GPIODirModeSet)
                  0100f87e    00000006                 : gpio.obj (.text:GPIOPinWrite)
                  0100f884    00000006                 : gpio.obj (.text:GPIOPinRead)
                  0100f88a    00000016                 : pin.obj (.text:PinTypeI2C)
                  0100f8a0    00000016                 : i2c.obj (.text:I2CMasterErr)
                  0100f8b6    00000002     hlo_audio_tools.obj (.text:_begin_keyword)
                  0100f8b8    000000fc     i2c_if.obj (.text:checki2c)
                  0100f9b4    0000006c     i2c_if.obj (.text:I2CTransact)
                  0100fa20    00000068     i2c_if.obj (.text:I2C_IF_Write)
                  0100fa88    00000034     i2c_cmd.obj (.text:codec_set_page)
                  0100fabc    00000038     i2c_cmd.obj (.text:codec_set_book)
                  0100faf4    00000078     i2c_cmd.obj (.text:set_volume)
                  0100fb6c    00000040     i2c_cmd.obj (.text:codec_mute_spkr)
                  0100fbac    0000003e     fatfs.a : ff.obj (.text:get_ldnumber)
                  0100fbea    00000002     hlo_http.obj (.text:_response_header)
                  0100fbec    00000010     diskio.obj (.text:disk_status)
                  0100fbfc    00000018     driverlib.a : sdhost.obj (.text:SDHostIntStatus)
                  0100fc14    00000050     diskio.obj (.text:CardSendCmd)
                  0100fc64    00000078     diskio.obj (.text:CardCapacityGet)
                  0100fcdc    00000060     diskio.obj (.text:CardSelect)
                  0100fd3c    0000015c     diskio.obj (.text:disk_initialize)
                  0100fe98    0000000e     driverlib.a : sdhost.obj (.text:SDHostBlockCountSet)
                  0100fea6    00000002     --HOLE-- [fill = 0]
                  0100fea8    00000018                 : sdhost.obj (.text:SDHostIntClear)
                  0100fec0    0000001c                 : sdhost.obj (.text:SDHostIntEnable)
                  0100fedc    0000004e     udma_if.obj (.text:UDMASetupTransfer)
                  0100ff2a    00000002     --HOLE-- [fill = 0]
                  0100ff2c    00000104     diskio.obj (.text:disk_write)
                  01010030    0000004e     fatfs.a : ff.obj (.text:sync_window)
                  0101007e    00000002     --HOLE-- [fill = 0]
                  01010080    000000e0     diskio.obj (.text:disk_read)
                  01010160    00000034     fatfs.a : ff.obj (.text:move_window)
                  01010194    0000000c             : ff.obj (.text:ld_word)
                  010101a0    00000016             : ff.obj (.text:ld_dword)
                  010101b6    00000002     --HOLE-- [fill = 0]
                  010101b8    00000060             : ff.obj (.text:check_fs)
                  01010218    00000284             : ff.obj (.text:find_volume)
                  0101049c    00000026             : ff.obj (.text:ld_clust)
                  010104c2    0000000a             : ff.obj (.text:mem_set)
                  010104cc    00000010             : ff.obj (.text:chk_chr)
                  010104dc    0000012b             : ff.obj (.text:create_name)
                  01010607    00000001     --HOLE-- [fill = 0]
                  01010608    000000be             : ff.obj (.text:get_fat)
                  010106c6    00000018             : ff.obj (.text:clust2sect)
                  010106de    00000082             : ff.obj (.text:dir_sdi)
                  01010760    0000001a             : ff.obj (.text:mem_cmp)
                  0101077a    00000016             : ff.obj (.text:st_dword)
                  01010790    0000000c             : ff.obj (.text:st_word)
                  0101079c    000000f8             : ff.obj (.text:put_fat)
                  01010894    000000b2             : ff.obj (.text:create_chain)
                  01010946    000000f2             : ff.obj (.text:dir_next)
                  01010a38    00000052             : ff.obj (.text:dir_find)
                  01010a8a    00000076             : ff.obj (.text:follow_path)
                  01010b00    00000072             : ff.obj (.text:f_opendir)
                  01010b72    00000002     --HOLE-- [fill = 0]
                  01010b74    0000002c     hellofilesystem.obj (.text:hello_fs_opendir)
                  01010ba0    00000032     fatfs.a : ff.obj (.text:validate)
                  01010bd2    0000005a             : ff.obj (.text:dir_read)
                  01010c2c    00000062             : ff.obj (.text:get_fileinfo)
                  01010c8e    0000004a             : ff.obj (.text:f_readdir)
                  01010cd8    0000002c     hellofilesystem.obj (.text:hello_fs_readdir)
                  01010d04    00000074     uart_logger.obj (.text:_walk_log_dir)
                  01010d78    00000026     ustdlib.obj (.text:ustrncpy)
                  01010d9e    00000002     --HOLE-- [fill = 0]
                  01010da0    0000026e     ustdlib.obj (.text:uvsnprintf)
                  0101100e    0000001a     ustdlib.obj (.text:usnprintf)
                  01011028    0000001d     uart_logger.obj (.text:_full_log_name)
                  01011045    00000001     --HOLE-- [fill = 0]
                  01011046    00000044     fatfs.a : ff.obj (.text:dir_alloc)
                  0101108a    00000010             : ff.obj (.text:mem_cpy)
                  0101109a    00000038             : ff.obj (.text:dir_register)
                  010110d2    00000004     diskio.obj (.text:get_fattime)
                  010110d6    00000022     fatfs.a : ff.obj (.text:st_clust)
                  010110f8    0000006c             : ff.obj (.text:remove_chain)
                  01011164    00000152             : ff.obj (.text:f_open)
                  010112b6    00000002     --HOLE-- [fill = 0]
                  010112b8    0000002c     diskio.obj (.text:disk_ioctl)
                  010112e4    0000008c     fatfs.a : ff.obj (.text:sync_fs)
                  01011370    0000008e             : ff.obj (.text:f_sync)
                  010113fe    00000002     --HOLE-- [fill = 0]
                  01011400    00000034     hellofilesystem.obj (.text:hello_fs_open)
                  01011434    0000002c     uart_logger.obj (.text:_open_log)
                  01011460    00000190     fatfs.a : ff.obj (.text:f_write)
                  010115f0    00000058     filedownloadmanager.obj (.text:add_to_file_error_queue)
                  01011648    00000094     hellofilesystem.obj (.text:hello_fs_write)
                  010116dc    0000001a     fatfs.a : ff.obj (.text:f_close)
                  010116f6    00000002     --HOLE-- [fill = 0]
                  010116f8    00000028     hellofilesystem.obj (.text:hello_fs_close)
                  01011720    000000b3     uart_logger.obj (.text:_write_file)
                  010117d3    00000001     --HOLE-- [fill = 0]
                  010117d4    0000001c     fatfs.a : ff.obj (.text:dir_remove)
                  010117f0    000000a6             : ff.obj (.text:f_unlink)
                  01011896    00000002     --HOLE-- [fill = 0]
                  01011898    00000028     hellofilesystem.obj (.text:hello_fs_unlink)
                  010118c0    00000022     uart_logger.obj (.text:_remove_file)
                  010118e2    00000002     --HOLE-- [fill = 0]
                  010118e4    00000088     uart_logger.obj (.text:_remove_oldest)
                  0101196c    000000cc     uart_logger.obj (.text:_save_newest)
                  01011a38    0000001a     uartstdio.obj (.text:IsBufferFull)
                  01011a52    0000000e     uartstdio.obj (.text:IsBufferEmpty)
                  01011a60    00000080     uartstdio.obj (.text:UARTPrimeTransmit)
                  01011ae0    000000a8     uartstdio.obj (.text:UARTwrite)
                  01011b88    0000021e     uartstdio.obj (.text:UARTprintf)
                  01011da6    00000002     --HOLE-- [fill = 0]
                  01011da8    00000058     commands.obj (.text:usertraceFREE)
                  01011e00    00000058     FreeRTOS.a : heap_6.obj (.text:prvInsertBlockIntoFreeList)
                  01011e58    0000008c     uart_logger.obj (.text:_save_block_queue)
                  01011ee4    00000024     uart_logger.obj (.text:uart_logger_flush_err_shutdown)
                  01011f08    00000022     rtsv7M4_T_le_eabi.lib : memcmp.obj (.text)
                  01011f2a    0000000a     driverlib.a : uart.obj (.text:UARTCharPut)
                  01011f34    0000009c     top_board.obj (.text:send_top_command)
                  01011fd0    00000018     top_board.obj (.text:send_top)
                  01011fe8    00000058     driverlib.a : prcm.obj (.text:PRCMHibernateIntervalSet)
                  01012040    00000038                 : prcm.obj (.text:PRCMHibernateWakeupSourceEnable)
                  01012078    00000014                 : prcm.obj (.text:PRCMHibernateEnter)
                  0101208c    00000070     wifi_cmd.obj (.text:mcu_reset)
                  010120fc    00000068     main.obj (.text:vAssertCalled)
                  01012164    00000024     FreeRTOS.a : heap_6.obj (.text:prvHeapInit)
                  01012188    00000058     commands.obj (.text:usertraceMALLOC)
                  010121e0    0000006a     FreeRTOS.a : SEGGER_SYSVIEW.obj (.text:SEGGER_SYSVIEW_RecordU32x3)
                  0101224a    00000002     --HOLE-- [fill = 0]
                  0101224c    0000003c                : SEGGER_SYSVIEW.obj (.text:SEGGER_SYSVIEW_OnTaskCreate)
                  01012288    000000dc                : SEGGER_SYSVIEW.obj (.text:SEGGER_SYSVIEW_SendTaskInfo)
                  01012364    0000002e                : SEGGER_SYSVIEW_FreeRTOS.obj (.text:SYSVIEW_SendTaskInfo)
                  01012392    00000030                : SEGGER_SYSVIEW.obj (.text:SEGGER_SYSVIEW_Warn)
                  010123c2    00000002     --HOLE-- [fill = 0]
                  010123c4    00000060                : SEGGER_SYSVIEW_FreeRTOS.obj (.text:SYSVIEW_AddTask)
                  01012424    00000054                : osi_freertos.obj (.text:VStartSimpleLinkSpawnTask)
                  01012478    0000000a     driverlib.a : i2c.obj (.text:I2CMasterEnable)
                  01012482    00000002     --HOLE-- [fill = 0]
                  01012484    00000048                 : i2c.obj (.text:I2CMasterInitExpClk)
                  010124cc    00000034     i2c_if.obj (.text:I2C_IF_Open)
                  01012500    00000046     wdt_if.obj (.text:WDT_IF_Init)
                  01012546    00000036     wdt_if.obj (.text:WDT_IF_DeInit)
                  0101257c    0000003c     main.obj (.text:start_wdt)
                  010125b8    0000001c     FreeRTOS.a : port.obj (.text:vPortSetupTimerInterrupt)
                  010125d4    00000026     main.obj (.text:vApplicationStackOverflowHook)
                  010125fa    00000002     --HOLE-- [fill = 0]
                  010125fc    0000003c     FreeRTOS.a : SEGGER_SYSVIEW.obj (.text:SEGGER_SYSVIEW_OnTaskStartExec)
                  01012638    00000012                : SEGGER_SYSVIEW.obj (.text:SEGGER_SYSVIEW_OnIdle)
                  0101264a    00000002     --HOLE-- [fill = 0]
                  0101264c    00000096                : portasm.obj (.text)
                  010126e2    00000002     --HOLE-- [fill = 0]
                  010126e4    00000038                : port.obj (.text:prvTaskExitError)
                  0101271c    00000090     main.obj (.text:main)
                  010127ac    00000018     rtsv7M4_T_le_eabi.lib : args_main.obj (.text)
                  010127c4    00000044                           : exit.obj (.text)
                  01012808    00000034                           : boot.obj (.text)
                  0101283c    0000000e                           : copy_decompress_none.obj (.text:decompress:none)
                  0101284a    0000005e                           : copy_decompress_rle.obj (.text)
                  010128a8    00000006                           : copy_decompress_rle.obj (.text:decompress:rle24)
                  010128ae    00000006     startup_ccs.obj (.text:ResetISR)
                  010128b4    00000018     driverlib.a : prcm.obj (.text:PRCMMCUReset)
                  010128cc    00000084     fault.obj (.text:FaultDecoder)
                  01012950    0000000a     fault.obj (.text:FaultISR)
                  0101295a    00000002     --HOLE-- [fill = 0]
                  0101295c    0000003c     FreeRTOS.a : SEGGER_SYSVIEW.obj (.text:SEGGER_SYSVIEW_RecordEnterISR)
                  01012998    00000012                : SEGGER_SYSVIEW.obj (.text:SEGGER_SYSVIEW_RecordExitISR)
                  010129aa    00000012                : SEGGER_SYSVIEW.obj (.text:SEGGER_SYSVIEW_RecordExitISRToScheduler)
                  010129bc    00000030                : port.obj (.text:xPortSysTickHandler)
                  010129ec    0000001c     led_cmd.obj (.text:led_init)
                  01012a08    00000014     driverlib.a : pin.obj (.text:PinTypeUART)
                  01012a1c    00000028     uartstdio.obj (.text:UARTFlushRx)
                  01012a44    00000038     uartstdio.obj (.text:UARTFlushTx)
                  01012a7c    000000e4     uartstdio.obj (.text:UARTStdioInitExpClk)
                  01012b60    00000008     uartstdio.obj (.text:UARTStdioInit)
                  01012b68    00000024     driverlib.a : uart.obj (.text:UARTIntNumberGet)
                  01012b8c    00000018                 : uart.obj (.text:UARTIntRegister)
                  01012ba4    00000004     sl_sync.obj (.text:sl_sync_init)
                  01012ba8    0000004c     wifi_cmd.obj (.text:wifi_status_init)
                  01012bf4    0000000c     simplelink.a : cc_pal.obj (.text:NwpMaskInterrupt)
                  01012c00    00000038                  : cc_pal.obj (.text:NwpPowerOff)
                  01012c38    000000c4                  : cc_pal.obj (.text:NwpPowerOnPreamble)
                  01012cfc    00000016                  : driver.obj (.text:_SlDrvMemZero)
                  01012d12    0000000c     FreeRTOS.a : osi_freertos.obj (.text:osi_LockObjDelete)
                  01012d1e    0000001a                : osi_freertos.obj (.text:osi_SyncObjSignal)
                  01012d38    0000001e     simplelink.a : driver.obj (.text:_SlDrvSyncObjSignal)
                  01012d56    00000004     sl_sync.obj (.text:sl_enter_critical_region)
                  01012d5a    00000002     --HOLE-- [fill = 0]
                  01012d5c    0000008c     simplelink.a : driver.obj (.text:_SlDrvDriverIsApiAllowed)
                  01012de8    00000024     FreeRTOS.a : osi_freertos.obj (.text:osi_LockObjLock)
                  01012e0c    00000024                : osi_freertos.obj (.text:osi_LockObjUnlock)
                  01012e30    00000028     simplelink.a : driver.obj (.text:_SlDrvProtectionObjLockWaitForever)
                  01012e58    00000024                  : driver.obj (.text:_SlDrvProtectionObjUnLock)
                  01012e7c    00000028                  : driver.obj (.text:_SlDrvUpdateApiInProgress)
                  01012ea4    00000040                  : driver.obj (.text:_SlDrvGlobalObjUnLock)
                  01012ee4    00000104                  : driver.obj (.text:_SlDrvObjGlobalLockWaitForever)
                  01012fe8    0000005c                  : cc_pal.obj (.text:cc_SetupTransfer)
                  01013044    00000090                  : cc_pal.obj (.text:SetupDMASend)
                  010130d4    0000002a     FreeRTOS.a : osi_freertos.obj (.text:osi_MsgQRead)
                  010130fe    00000002     --HOLE-- [fill = 0]
                  01013100    0000008c     simplelink.a : cc_pal.obj (.text:spi_Write_CPU)
                  0101318c    00000098                  : cc_pal.obj (.text:spi_Write)
                  01013224    00000378                  : driver.obj (.text:_SlDrvMsgWrite)
                  0101359c    0000000c     driverlib.a : timer.obj (.text:TimerValueGet)
                  010135a8    00000018     timer_if.obj (.text:TimerGetCurrentTimestamp)
                  010135c0    00000024     simplelink.a : driver.obj (.text:_SlDrvStartMeasureTimeout)
                  010135e4    00000090                  : cc_pal.obj (.text:SetupDMAReceive)
                  01013674    0000008c                  : cc_pal.obj (.text:spi_Read_CPU)
                  01013700    000000f0                  : cc_pal.obj (.text:spi_Read)
                  010137f0    0000008c                  : driver.obj (.text:_SlDrvIsTimeoutExpired)
                  0101387c    000002d0                  : driver.obj (.text:_SlDrvRxHdrRead)
                  01013b4c    00000100                  : driver.obj (.text:_SlDrvClassifyRxMsg)
                  01013c4c    00000174                  : driver.obj (.text:_SlDrvFindAndSetActiveObj)
                  01013dc0    0000000c                  : cc_pal.obj (.text:NwpUnMaskInterrupt)
                  01013dcc    0000067c                  : driver.obj (.text:_SlDrvMsgRead)
                  01014448    00000024     FreeRTOS.a : osi_freertos.obj (.text:osi_SyncObjWait)
                  0101446c    00000138     simplelink.a : driver.obj (.text:_SlDrvAsyncEventGenericHandler)
                  010145a4    00000038     FreeRTOS.a : osi_freertos.obj (.text:osi_Spawn)
                  010145dc    0000018c     simplelink.a : driver.obj (.text:_SlDrvMsgReadCmdCtx)
                  01014768    00000104                  : driver.obj (.text:_SlDrvCmdOp)
                  0101486c    0000004c                  : wlan.obj (.text:sl_WlanSetMode)
                  010148b8    0000002c                  : driver.obj (.text:_SlDrvSyncObjWaitForever)
                  010148e4    00000198                  : driver.obj (.text:_SlDrvWaitForPoolObj)
                  01014a7c    0000004c                  : driver.obj (.text:_SlDrvProtectAsyncRespSetting)
                  01014ac8    00000048                  : driver.obj (.text:_SlDrvSyncObjWaitTimeout)
                  01014b10    000000c4                  : driver.obj (.text:_SlDrvRemoveFromList)
                  01014bd4    000001d8                  : driver.obj (.text:_SlDrvReleasePoolObj)
                  01014dac    00000016     FreeRTOS.a : osi_freertos.obj (.text:osi_InterruptDeRegister)
                  01014dc2    0000002c     simplelink.a : cc_pal.obj (.text:NwpRegisterInterruptHandler)
                  01014dee    00000014     FreeRTOS.a : osi_freertos.obj (.text:osi_MsgQDelete)
                  01014e02    0000000e     driverlib.a : spi.obj (.text:SPIDmaDisable)
                  01014e10    00000098     simplelink.a : cc_pal.obj (.text:spi_Close)
                  01014ea8    00000014     FreeRTOS.a : osi_freertos.obj (.text:osi_SyncObjDelete)
                  01014ebc    00000110     simplelink.a : driver.obj (.text:_SlDrvDriverCBDeinit)
                  01014fcc    00000144                  : device.obj (.text:sl_Stop)
                  01015110    0000005c     wifi_cmd.obj (.text:wifi_status_set)
                  0101516c    00000004     sl_sync.obj (.text:sl_exit_critical_region)
                  01015170    00000032     wifi_cmd.obj (.text:nwp_reset)
                  010151a2    00000002     --HOLE-- [fill = 0]
                  010151a4    000001f1     wifi_cmd.obj (.text:SimpleLinkFatalErrorEventHandler)
                  01015395    00000003     --HOLE-- [fill = 0]
                  01015398    000000b0     simplelink.a : driver.obj (.text:_SlDrvHandleFatalError)
                  01015448    00000024     FreeRTOS.a : osi_freertos.obj (.text:osi_SyncObjCreate)
                  0101546c    00000020                : osi_freertos.obj (.text:osi_LockObjCreate)
                  0101548c    0000019c     simplelink.a : driver.obj (.text:_SlDrvDriverCBInit)
                  01015628    00000060     driverlib.a : spi.obj (.text:SPIConfigSetExpClk)
                  01015688    0000001c                 : prcm.obj (.text:PRCMPeripheralStatusGet)
                  010156a4    0000002a     simplelink.a : cc_pal.obj (.text:cc_UDMAChannelSelect)
                  010156ce    00000024     FreeRTOS.a : osi_freertos.obj (.text:osi_MsgQCreate)
                  010156f2    00000002     --HOLE-- [fill = 0]
                  010156f4    0000018c     simplelink.a : cc_pal.obj (.text:spi_Open)
                  01015880    0000002c                  : cc_pal.obj (.text:NwpPowerOn)
                  010158ac    0000001c                  : device.obj (.text:_SlDeviceGetStartResponseConvert)
                  010158c8    00000110                  : device.obj (.text:sl_Start)
                  010159d8    0000000e                  : driver.obj (.text:_SlDrvResetCmdExt)
                  010159e6    00000002     --HOLE-- [fill = 0]
                  010159e8    0000007c                  : wlan.obj (.text:sl_WlanPolicySet)
                  01015a64    00000030                  : fs.obj (.text:_SlFsStrlen)
                  01015a94    000000a4                  : fs.obj (.text:FsGetCreateFsMode)
                  01015b38    00000124                  : fs.obj (.text:sl_FsOpen)
                  01015c5c    00000104                  : fs.obj (.text:sl_FsRead)
                  01015d60    000000a8                  : fs.obj (.text:sl_FsClose)
                  01015e08    0000009f     fs_utils.obj (.text:fs_get)
                  01015ea7    00000001     --HOLE-- [fill = 0]
                  01015ea8    00000033     wifi_cmd.obj (.text:get_default_antenna)
                  01015edb    00000001     --HOLE-- [fill = 0]
                  01015edc    0000000c     hw_ver.obj (.text:get_hw_ver)
                  01015ee8    0000003c     wifi_cmd.obj (.text:antsel)
                  01015f24    0000007c     wifi_cmd.obj (.text:load_device_id)
                  01015fa0    00000084     simplelink.a : netcfg.obj (.text:sl_NetCfgSet)
                  01016024    0000004c     wifi_cmd.obj (.text:set_mac_to_device_id)
                  01016070    000000c0     simplelink.a : netcfg.obj (.text:sl_NetCfgGet)
                  01016130    00000044                  : netapp.obj (.text:sl_NetAppStop)
                  01016174    000000f8                  : fs.obj (.text:sl_FsGetInfo)
                  0101626c    00000014     rtsv7M4_T_le_eabi.lib : strlen.obj (.text)
                  01016280    00000026                           : strncmp.obj (.text)
                  010162a6    0000002a     hw_ver.obj (.text:check_ver_string)
                  010162d0    000000d8     hw_ver.obj (.text:check_hw_version)
                  010163a8    0000003c     pinmux.obj (.text:ConfigCodecResetPin)
                  010163e4    00000060     pinmux.obj (.text:SetAntennaSelectionGPIOs)
                  01016444    0000001c     pinmux.obj (.text:PinMuxConfig_hw_dep)
                  01016460    00000018     hellofilesystem.obj (.text:hello_fs_init)
                  01016478    00000060     driverlib.a : sdhost.obj (.text:SDHostInit)
                  010164d8    00000010                 : sdhost.obj (.text:SDHostIntRegister)
                  010164e8    0000006c                 : prcm.obj (.text:PRCMPeripheralClockGet)
                  01016554    0000003e                 : sdhost.obj (.text:SDHostSetExpClk)
                  01016592    00000002     --HOLE-- [fill = 0]
                  01016594    00000050     fatfs.a : ff.obj (.text:f_mount)
                  010165e4    0000002c     hellofilesystem.obj (.text:hello_fs_mount)
                  01016610    0000003c     fatfs_cmd.obj (.text:Cmd_mnt)
                  0101664c    00000070     spi_cmd.obj (.text:CS_set)
                  010166bc    00000074     spi_cmd.obj (.text:spi_init)
                  01016730    00000018     sys_time.obj (.text:set_cached_time)
                  01016748    00000024     sys_time.obj (.text:get_cached_time)
                  0101676c    000002a8     rtsv7M4_T_le_eabi.lib : mktime.obj (.text)
                  01016a14    0000004c                           : localtim.obj (.text)
                  01016a60    00000080     simplelink.a : device.obj (.text:sl_DeviceSet)
                  01016ae0    000000b8                  : device.obj (.text:sl_DeviceGet)
                  01016b98    000000c0     sys_time.obj (.text:set_sl_time)
                  01016c58    00000088     sys_time.obj (.text:init_time_module)
                  01016ce0    00000004     driverlib.a : i2c.obj (.text:I2CMasterDataGet)
                  01016ce4    0000006c     i2c_if.obj (.text:I2C_IF_Read)
                  01016d50    000001a8     i2c_cmd.obj (.text:init_tvoc)
                  01016ef8    00000214     i2c_cmd.obj (.text:init_temp_sensor)
                  0101710c    00000094     i2c_cmd.obj (.text:haz_tmg4903)
                  010171a0    00000108     i2c_cmd.obj (.text:init_light_sensor)
                  010172a8    000000a0     i2c_cmd.obj (.text:init_uv)
                  01017348    000000a8     i2c_cmd.obj (.text:read_zopt)
                  010173f0    00000018     led_animations.obj (.text:init_led_animation)
                  01017408    0000003a     gpio_if.obj (.text:GPIO_IF_ConfigureNIntEnable)
                  01017442    00000002     --HOLE-- [fill = 0]
                  01017444    00000024     commands.obj (.text:SetupGPIOInterrupts)
                  01017468    00000046     fatfs.a : ff.obj (.text:f_stat)
                  010174ae    00000002     --HOLE-- [fill = 0]
                  010174b0    0000002c     hellofilesystem.obj (.text:hello_fs_stat)
                  010174dc    00000166     fatfs.a : ff.obj (.text:f_mkdir)
                  01017642    00000002     --HOLE-- [fill = 0]
                  01017644    00000028     hellofilesystem.obj (.text:hello_fs_mkdir)
                  0101766c    00000094     commands.obj (.text:CreateDirectoryIfNotExist)
                  01017700    00000011     commands.obj (.text:CreateDefaultDirectories)
                  01017711    00000003     --HOLE-- [fill = 0]
                  01017714    00000074     wifi_cmd.obj (.text:load_data_server)
                  01017788    00000048     fatfs_cmd.obj (.text:init_download_task)
                  010177d0    0000002c     networktask.obj (.text:Init)
                  010177fc    00000040     networktask.obj (.text:networktask_init)
                  0101783c    0000002c     commands.obj (.text:load_serial)
                  01017868    00000060     wifi_cmd.obj (.text:load_aes)
                  010178c8    00000020     wifi_cmd.obj (.text:load_account_id)
                  010178e8    00000024     commands.obj (.text:load_alarm)
                  0101790c    00000034     pill_settings.obj (.text:pill_settings_init)
                  01017940    0000007c     commands.obj (.text:check_provision)
                  010179bc    0000000a     driverlib.a : pin.obj (.text:PinTypeADC)
                  010179c6    00000024                 : adc.obj (.text:ADCChannelEnable)
                  010179ea    0000000a                 : adc.obj (.text:ADCTimerConfig)
                  010179f4    00000024     dust_cmd.obj (.text:init_dust)
                  01017a18    00000078     uart_logger.obj (.text:analytics_event)
                  01017a90    00000040     ble_proto.obj (.text:set_ble_mode)
                  01017ad0    00000078     ble_proto.obj (.text:ble_proto_init)
                  01017b48    00000088     uart_logger.obj (.text:uart_logger_init)
                  01017bd0    000000c8     fatfs_cmd.obj (.text:_ReadBootInfo)
                  01017c98    00000034     fatfs_cmd.obj (.text:is_test_boot)
                  01017ccc    0000004c     top_board.obj (.text:start_top_boot_watcher)
                  01017d18    00000230     fault.obj (.text:faultPrinter)
                  01017f48    0000002c     commands.obj (.text:checkFaults)
                  01017f74    00000030     long_poll.obj (.text:long_poll_task_init)
                  01017fa4    000000cc     filedownloadmanager.obj (.text:downloadmanagertask_init)
                  01018070    00000046     hlo_stream.obj (.text:hlo_stream_init)
                  010180b6    00000002     --HOLE-- [fill = 0]
                  010180b8    0000002c     hlo_stream.obj (.text:hlo_stream_new)
                  010180e4    00000178     i2c_cmd.obj (.text:codec_init)
                  0101825c    00000038     hlo_audio.obj (.text:_reset_codec)
                  01018294    0000002c     i2c_cmd.obj (.text:get_system_volume)
                  010182c0    00000086     driverlib.a : i2s.obj (.text:I2SConfigSetExpClk)
                  01018346    00000002     --HOLE-- [fill = 0]
                  01018348    00000034     mcasp_if.obj (.text:McASPInit)
                  0101837c    00000048     i2c_cmd.obj (.text:codec_unmute_spkr)
                  010183c4    00000024     audiohelper.obj (.text:InitAudioTxRx)
                  010183e8    00000014     audiohelper.obj (.text:InitAudioHelper_p)
                  010183fc    00000014     audiohelper.obj (.text:InitAudioHelper)
                  01018410    000000e4     hlo_audio.obj (.text:hlo_audio_init)
                  010184f4    00000140     fatfs.a : ff.obj (.text:f_lseek)
                  01018634    0000002c     hellofilesystem.obj (.text:hello_fs_lseek)
                  01018660    000000ac     hellofilesystem.obj (.text:fs_stream_open)
                  0101870c    00000098     audiotask.obj (.text:_queue_audio_playback_state)
                  010187a4    00000044     audiotask.obj (.text:AudioTask_StartPlayback)
                  010187e8    00000018     led_cmd.obj (.text:led_from_rgb)
                  01018800    0000006c     led_cmd.obj (.text:_hist_push)
                  0101886c    00000016     FreeRTOS.a : event_groups.obj (.text:prvTestWaitCondition)
                  01018882    0000001e     led_cmd.obj (.text:led_is_idle)
                  010188a0    0000002c     led_cmd.obj (.text:_fade_out_for_new)
                  010188cc    0000002e     led_cmd.obj (.text:_start_animation)
                  010188fa    00000002     --HOLE-- [fill = 0]
                  010188fc    000000d2     led_cmd.obj (.text:led_transition_custom_animation)
                  010189ce    00000002     --HOLE-- [fill = 0]
                  010189d0    0000004c     led_animations.obj (.text:push_memory_queue)
                  01018a1c    000000cc     led_animations.obj (.text:play_led_animation_solid)
                  01018ae8    00000022     ble_proto.obj (.text:ble_proto_led_init)
                  01018b0a    00000002     --HOLE-- [fill = 0]
                  01018b0c    0000008c     ble_proto.obj (.text:play_startup_sound)
                  01018b98    00000090     led_animations.obj (.text:play_pairing_glow)
                  01018c28    00000018     ble_proto.obj (.text:display_pairing_animation)
                  01018c40    00000170     commands.obj (.text:launch_tasks)
                  01018db0    00000024     rtsv7M4_T_le_eabi.lib : memmov.obj (.text)
                  01018dd4    00000070     FreeRTOS.a : SEGGER_SYSVIEW_FreeRTOS.obj (.text:SYSVIEW_DeleteTask)
                  01018e44    0000001c     led_cmd.obj (.text:led_to_rgb)
                  01018e60    0000003e     led_cmd.obj (.text:led_from_brightness)
                  01018e9e    00000002     --HOLE-- [fill = 0]
                  01018ea0    000000dc     led_animations.obj (.text:play_led_wheel)
                  01018f7c    00000130     commands.obj (.text:print_nwp_version)
                  010190ac    00000014     uartstdio.obj (.text:GetBufferCount)
                  010190c0    00000048     uartstdio.obj (.text:UARTPeek)
                  01019108    00000054     uartstdio.obj (.text:UARTgets)
                  0101915c    00000010     ustdlib.obj (.text:ustrlen)
                  0101916c    00000614     commands.obj (.text:vUARTTask)
                  01019780    00000020     commands.obj (.text:check_button)
                  010197a0    00000078     main.obj (.text:watchdog_thread)
                  01019818    00000024     FreeRTOS.a : SEGGER_SYSVIEW.obj (.text:SEGGER_SYSVIEW_SendSysDesc)
                  0101983c    0000003d                : SEGGER_SYSVIEW_Config_FreeRTOS.obj (.text:_cbSendSystemDesc)
                  01019879    00000003     --HOLE-- [fill = 0]
                  0101987c    00000024                : osi_freertos.obj (.text:vSimpleLinkSpawnTask)
                  010198a0    00000011     main.obj (.text:WatchdogIntHandler)
                  010198b1    00000003     --HOLE-- [fill = 0]
                  010198b4    00000010     main.obj (.text:vApplicationIdleHook)
                  010198c4    0000000c     FreeRTOS.a : tasks.obj (.text:prvIdleTask)
                  010198d0    00000006     led_cmd.obj (.text:_reset_animation_priority)
                  010198d6    0000002c     led_cmd.obj (.text:_start_fade_out)
                  01019902    00000018     led_cmd.obj (.text:ledcpy)
                  0101991a    00000028     led_cmd.obj (.text:get_cycle_time)
                  01019942    0000001e     led_cmd.obj (.text:led_brightness_all)
                  01019960    0000001e     led_cmd.obj (.text:_clamp)
                  0101997e    0000004c     led_cmd.obj (.text:led_array)
                  010199ca    00000014     led_cmd.obj (.text:ledset)
                  010199de    00000002     --HOLE-- [fill = 0]
                  010199e0    00000090     led_cmd.obj (.text:_hist_pop)
                  01019a70    000003d9     led_cmd.obj (.text:led_task)
                  01019e49    00000001     --HOLE-- [fill = 0]
                  01019e4a    00000054     led_cmd.obj (.text:led_idle_task)
                  01019e9e    00000002     --HOLE-- [fill = 0]
                  01019ea0    000003c4     uartstdio.obj (.text:UARTStdioIntHandler)
                  0101a264    00000020     driverlib.a : sdhost.obj (.text:SDHostIntDisable)
                  0101a284    00000044     diskio.obj (.text:SDHostIntHandler)
                  0101a2c8    0000002c     slip_packet.obj (.text:slip_reset)
                  0101a2f4    0000000c     top_hci.obj (.text:hci_init)
                  0101a300    0000001c     driverlib.a : uart.obj (.text:UARTDisable)
                  0101a31c    00000014                 : uart.obj (.text:UARTEnable)
                  0101a330    00000048                 : uart.obj (.text:UARTConfigSetExpClk)
                  0101a378    00000006                 : uart.obj (.text:UARTFIFOLevelSet)
                  0101a37e    00000008                 : uart.obj (.text:UARTIntEnable)
                  0101a386    00000010                 : uart.obj (.text:UARTCharGetNonBlocking)
                  0101a396    00000002     --HOLE-- [fill = 0]
                  0101a398    00000010     slip_packet.obj (.text:slip_handle_rx)
                  0101a3a8    0000000c     driverlib.a : uart.obj (.text:UARTCharsAvail)
                  0101a3b4    000000d0     top_board.obj (.text:top_board_task)
                  0101a484    00000080     spi_cmd.obj (.text:spi_write_step)
                  0101a504    00000068     spi_cmd.obj (.text:spi_read_step)
                  0101a56c    000000c8     spi_cmd.obj (.text:spi_reset)
                  0101a634    00000108     spi_cmd.obj (.text:spi_read)
                  0101a73c    0000002a     hlo_async.obj (.text:hlo_future_create)
                  0101a766    00000014     hlo_async.obj (.text:hlo_future_free)
                  0101a77a    00000002     --HOLE-- [fill = 0]
                  0101a77c    000000a4     hlo_async.obj (.text:hlo_future_create_task_bg)
                  0101a820    00000028     hlo_proto_tools.obj (.text:MorpheusCommand_from_buffer)
                  0101a848    0000001c     hlo_async.obj (.text:do_read)
                  0101a864    00000040     hlo_async.obj (.text:hlo_future_read)
                  0101a8a4    00000130     rtsv7M4_T_le_eabi.lib : strtol.obj (.text)
                  0101a9d4    00000100     simplelink.a : fs.obj (.text:sl_FsWrite)
                  0101aad4    00000108     fs_utils.obj (.text:fs_save)
                  0101abdc    00000020     wifi_cmd.obj (.text:save_device_id)
                  0101abfc    00000010     hlo_proto_tools.obj (.text:buffer_from_MorpheusCommand)
                  0101ac0c    0000007c     spi_cmd.obj (.text:spi_write)
                  0101ac88    00000018     hlo_async.obj (.text:hlo_future_destroy)
                  0101aca0    00000055     ble_cmd.obj (.text:ble_send_protobuf)
                  0101acf5    00000003     --HOLE-- [fill = 0]
                  0101acf8    0000003c     ble_proto.obj (.text:_ble_reply_command_with_type)
                  0101ad34    00000028     top_board.obj (.text:top_board_notify_boot_complete)
                  0101ad5c    00000030     rtsv7M4_T_le_eabi.lib : strncpy.obj (.text)
                  0101ad8c    00000034     sys_time.obj (.text:has_good_time)
                  0101adc0    00000048     sys_time.obj (.text:get_time)
                  0101ae08    000000dc     ble_proto.obj (.text:_process_encrypted_pill_data)
                  0101aee4    00000034     ble_cmd.obj (.text:ble_reply_protobuf_error)
                  0101af18    00000084     simplelink.a : wlan.obj (.text:sl_WlanSet)
                  0101af9c    00000030     sys_time.obj (.text:wait_for_time)
                  0101afcc    0000000a     driverlib.a : adc.obj (.text:ADCEnable)
                  0101afd6    0000000c                 : adc.obj (.text:ADCFIFOLvlGet)
                  0101afe2    00000006                 : adc.obj (.text:ADCFIFORead)
                  0101afe8    0000000a                 : adc.obj (.text:ADCDisable)
                  0101aff2    00000002     --HOLE-- [fill = 0]
                  0101aff4    000000e4     dust_cmd.obj (.text:get_dust)
                  0101b0d8    00000060     hlo_audio_tools.obj (.text:AudioTask_DumpOncePerMinuteStats)
                  0101b138    0000001c     net_stats.obj (.text:net_stats_reset)
                  0101b154    00000048     keyword_net.obj (.text:keyword_net_get_and_reset_stats)
                  0101b19c    00000030     net_stats.obj (.text:set_encoders_with_data)
                  0101b1cc    0000000a     i2c_cmd.obj (.text:get_le_short)
                  0101b1d6    00000002     --HOLE-- [fill = 0]
                  0101b1d8    000000d8     i2c_cmd.obj (.text:get_rgb_prox)
                  0101b2b0    000000b8     i2c_cmd.obj (.text:get_ir)
                  0101b368    0000003c     i2c_cmd.obj (.text:BME280_compensate_T_int32)
                  0101b3a4    00000018     rtsv7M4_T_le_eabi.lib : ll_mul_t2.obj (.text)
                  0101b3bc    00000220                           : ll_div_t2.obj (.text)
                  0101b5dc    00000168     i2c_cmd.obj (.text:BME280_compensate_P_int64)
                  0101b744    00000088     i2c_cmd.obj (.text:bme280_compensate_H_int32)
                  0101b7cc    000001f0     i2c_cmd.obj (.text:get_temp_press_hum)
                  0101b9bc    00000144     i2c_cmd.obj (.text:set_tvoc_env)
                  0101bb00    000001a8     i2c_cmd.obj (.text:get_tvoc)
                  0101bca8    00000030     gesture.obj (.text:gesture_get_wave_count)
                  0101bcd8    00000030     gesture.obj (.text:gesture_get_hold_count)
                  0101bd08    0000002c     gesture.obj (.text:gesture_counter_reset)
                  0101bd34    00000474     commands.obj (.text:sample_sensor_data)
                  0101c1a8    0000005c     commands.obj (.text:force_data_push)
                  0101c204    00000018     rtsv7M4_T_le_eabi.lib : strcmp.obj (.text)
                  0101c21c    000000c4     pill_settings.obj (.text:pill_settings_get_color)
                  0101c2e0    00000074     commands.obj (.text:get_ambient_light_level)
                  0101c354    00000084     commands.obj (.text:get_alpha_from_light)
                  0101c3d8    00000078     ble_proto.obj (.text:ble_proto_led_flash)
                  0101c450    000000b8     simplelink.a : wlan.obj (.text:sl_WlanGet)
                  0101c508    00000010     hlo_net_tools.obj (.text:prescan_wifi)
                  0101c518    00000018     hlo_async.obj (.text:hlo_future_read_once)
                  0101c530    000000d8     ble_proto.obj (.text:_reply_wifi_scan_result)
                  0101c608    00000028     ble_proto.obj (.text:get_ble_mode)
                  0101c630    00000023     wifi_cmd.obj (.text:save_default_antenna)
                  0101c653    00000001     --HOLE-- [fill = 0]
                  0101c654    000000f4     wifi_cmd.obj (.text:make_sec_params)
                  0101c748    00000274     simplelink.a : wlan.obj (.text:sl_WlanConnect)
                  0101c9bc    000002b0                  : wlan.obj (.text:sl_WlanProfileAdd)
                  0101cc6c    00000038     ble_proto.obj (.text:ble_reply_wifi_status)
                  0101cca4    000000c4     wifi_cmd.obj (.text:connect_wifi)
                  0101cd68    00000038     wifi_cmd.obj (.text:wifi_status_get)
                  0101cda0    0000004c     simplelink.a : wlan.obj (.text:sl_WlanProfileDel)
                  0101cdec    00000118                  : wlan.obj (.text:sl_WlanProfileGet)
                  0101cf04    000002a0     ble_proto.obj (.text:_set_wifi)
                  0101d1a4    0000003d     led_cmd.obj (.text:_hist_flush)
                  0101d1e1    00000001     --HOLE-- [fill = 0]
                  0101d1e2    00000042     led_cmd.obj (.text:led_fade_current_animation)
                  0101d224    00000038     led_cmd.obj (.text:led_fade_all_animation)
                  0101d25c    0000002c     ble_proto.obj (.text:ble_proto_led_fade_out)
                  0101d288    00000020     led_cmd.obj (.text:flush_animation_history)
                  0101d2a8    0000000c     ble_proto.obj (.text:ble_proto_led_fade_in_trippy)
                  0101d2b4    00000058     ble_proto.obj (.text:ble_proto_led_busy_mode)
                  0101d30c    00000048     simplelink.a : driver.obj (.text:_SlDrvBasicCmd)
                  0101d354    00000024                  : wlan.obj (.text:sl_WlanDisconnect)
                  0101d378    0000007c                  : fs.obj (.text:sl_FsDel)
                  0101d3f4    00000039     wifi_cmd.obj (.text:reset_default_antenna)
                  0101d42d    00000003     --HOLE-- [fill = 0]
                  0101d430    0000010f     wifi_cmd.obj (.text:wifi_reset)
                  0101d53f    00000001     --HOLE-- [fill = 0]
                  0101d540    00000019     commands.obj (.text:delete_alarms)
                  0101d559    00000003     --HOLE-- [fill = 0]
                  0101d55c    0000003c     pill_settings.obj (.text:pill_settings_reset_all)
                  0101d598    000000e4     hellofilesystem.obj (.text:deleteFilesInDir)
                  0101d67c    00000035     ble_proto.obj (.text:_factory_reset)
                  0101d6b1    00000003     --HOLE-- [fill = 0]
                  0101d6b4    00000120     ble_proto.obj (.text:_process_pill_heartbeat)
                  0101d7d4    00000038     wifi_cmd.obj (.text:save_account_id)
                  0101d80c    00000040     ble_cmd.obj (.text:ble_proto_assign_encode_funcs)
                  0101d84c    00000038     wifi_cmd.obj (.text:get_server)
                  0101d884    000001c0     networktask.obj (.text:NetworkTask_SendProtobuf)
                  0101da44    000000f0     ble_proto.obj (.text:_pair_device)
                  0101db34    00000028     wifi_cmd.obj (.text:wifi_get_connected_ssid)
                  0101db5c    00000076     ble_proto.obj (.text:_ble_reply_wifi_info)
                  0101dbd2    00000002     --HOLE-- [fill = 0]
                  0101dbd4    00000072     ble_cmd.obj (.text:ble_proto_free_command)
                  0101dc46    00000002     --HOLE-- [fill = 0]
                  0101dc48    000007de     ble_proto.obj (.text:on_ble_protobuf_command)
                  0101e426    00000002     --HOLE-- [fill = 0]
                  0101e428    0000004d     ble_cmd.obj (.text:on_morpheus_protobuf_arrival)
                  0101e475    00000003     --HOLE-- [fill = 0]
                  0101e478    00000098     spi_cmd.obj (.text:Cmd_spi_read)
                  0101e510    00000014     top_board.obj (.text:is_top_in_dfu)
                  0101e524    0000000c     driverlib.a : gpio.obj (.text:GPIOIntEnable)
                  0101e530    00000044     commands.obj (.text:thread_spi)
                  0101e574    00000040     uart_logger.obj (.text:send_log)
                  0101e5b4    0000014e     fatfs.a : ff.obj (.text:f_read)
                  0101e702    00000002     --HOLE-- [fill = 0]
                  0101e704    00000044     hellofilesystem.obj (.text:hello_fs_read)
                  0101e748    00000048     uart_logger.obj (.text:_read_file)
                  0101e790    00000088     uart_logger.obj (.text:_read_oldest)
                  0101e818    00000188     uart_logger.obj (.text:uart_logger_task)
                  0101e9a0    0000001a     rtsv7M4_T_le_eabi.lib : strcat.obj (.text)
                  0101e9ba    00000002     --HOLE-- [fill = 0]
                  0101e9bc    00000150     uart_logger.obj (.text:analytics_event_task)
                  0101eb0c    00000024     commands.obj (.text:_is_file_exists)
                  0101eb30    0000001c     hellofilesystem.obj (.text:fs_stream_open_media)
                  0101eb4c    00000088     led_animations.obj (.text:play_led_trippy)
                  0101ebd4    0000030c     commands.obj (.text:thread_alarm)
                  0101eee0    00000104     cmdline.obj (.text:CmdLineProcess)
                  0101efe4    0000002c     uart_logger.obj (.text:_swap_and_upload)
                  0101f010    000000f4     uart_logger.obj (.text:_logstr)
                  0101f104    00000038     uart_logger.obj (.text:_logstr_wrapper)
                  0101f13c    00000014     FreeRTOS.a : SEGGER_SYSVIEW_FreeRTOS.obj (.text:_cbGetTime)
                  0101f150    00000038                : SEGGER_SYSVIEW_FreeRTOS.obj (.text:_cbSendTaskList)
                  0101f188    0000002c                : osi_freertos.obj (.text:osi_SyncObjSignalFromISR)
                  0101f1b4    00000050     simplelink.a : driver.obj (.text:_SlDrvRxIrqHandler)
                  0101f204    00000012     sys_time.obj (.text:bcd_to_int)
                  0101f216    00000002     --HOLE-- [fill = 0]
                  0101f218    00000130     sys_time.obj (.text:get_rtc_time)
                  0101f348    0000002c     sys_time.obj (.text:get_unix_time)
                  0101f374    00000070     wifi_cmd.obj (.text:get_device_id)
                  0101f3e4    00000018     wifi_cmd.obj (.text:set_backup_dns)
                  0101f3fc    00000078     simplelink.a : socket.obj (.text:sl_Socket)
                  0101f474    00000084                  : socket.obj (.text:sl_SetSockOpt)
                  0101f4f8    00000134                  : netapp.obj (.text:sl_NetAppDnsGetHostByName)
                  0101f62c    000000c8                  : socket.obj (.text:sl_Close)
                  0101f6f4    00000049     wifi_cmd.obj (.text:stop_connection)
                  0101f73d    00000001     --HOLE-- [fill = 0]
                  0101f73e    00000032     simplelink.a : socket.obj (.text:_SlSocketBuildAddress)
                  0101f770    00000170                  : socket.obj (.text:sl_Connect)
                  0101f8e0    00000040     ble_proto.obj (.text:ble_reply_socket_error)
                  0101f920    00000372     wifi_cmd.obj (.text:start_connection)
                  0101fc92    00000022     simplelink.a : driver.obj (.text:_SlDrvObjLockWaitForever)
                  0101fcb4    0000001e                  : driver.obj (.text:_SlDrvObjUnLock)
[...]
01020191   SHA1_Init
010201c5   pb_ostream_from_sha_socket
010201fd   pb_field_iter_begin
01020275   pb_write
010202c9   pb_encode_varint
01020337   pb_encode_tag
01020351   pb_encode_tag_for_field
0102067d   pb_field_iter_next
01020727   pb_encode
010208dd   SHA1_Update
01020919   send_chunk_len
01020b0f   SHA1_Final
01020b49   srand
01020b5f   rand
01020b95   AES_set_key
01020ca5   sl_Htonl
01020e1d   AES_cbc_encrypt
01020ee5   WatchdogIntClear
01020eeb   strstr
01020f6d   ble_reply_http_status
01020fc5   matchstar
01020ffb   matchhere
0102106d   match
010210a5   http_response_ok
010211d1   atoi
0102121d   AES_convert_key
0102141d   AES_cbc_decrypt
010214f5   pb_istream_from_buffer
010216bd   pb_decode_tag
01021705   pb_field_iter_find
01021761   pb_make_string_substream
010217b1   pb_close_string_substream
010218e5   pb_read
010219ad   pb_skip_field
01021be5   pb_decode_noinit
01021d39   pb_decode
01022071   send_data_pb
010226f9   fetch_ntp_time_from_ntp
0102294d   set_unix_time
01022ab5   GPIOIntStatus
01022ac3   GPIOIntClear
01022ac9   GPIOIntDisable
01022ad9   nordic_prox_int
01022b59   strncat
01022b81   open_serial_flash
01022d21   hlo_stream_write
01022d6b   hlo_stream_read
01022dc1   hlo_stream_transfer_until
01022e27   hlo_stream_transfer_all
01022e37   hlo_stream_close
01022e89   sf_sha1_verify
01023091   set_top_update_sha
010231fd   free_download_info
01023245   strcpy
01023255   global_filename
0102361d   hlo_sock_stream
01023691   http_init
010238e1   hlo_http_get_opt
01023991   hlo_stream_transfer_between_until
010239bd   hlo_stream_transfer_between
010239cd   hlo_filter_data_transfer
01023a11   update_file_download_status
01023a65   strspn
01023a8f   strcspn
01023ab1   strtok
01023de1   update_sha_file
01023fad   cd
01024099   file_download_task
010246b1   networktask_enter_critical_region
010246dd   networktask_exit_critical_region
01024a01   pm_cancel
01024a49   pb_encode_string
01024a9d   encode_device_id_string
01024ae5   Cmd_SyncID
01024b11   gesture_init
01024b31   led_get_animation_id
01024b3d   stop_led_animation
01024b6d   play_led_progress_bar
01024bed   set_led_progress_bar
01024c1d   reset_to_factory_fw
01024c41   Cmd_factory_reset
01024c4d   AudioTask_StopPlayback
01024c85   cancel_alarm
01024d35   led_get_user_color
01024ec9   ble_proto_start_hold
01024fa5   ble_proto_end_hold
0102515d   gesture_input
010252e9   thread_fast_i2c_poll
0102559d   median_filter
0102571d   Cmd_free
010257a5   usprintf
010257c5   Cmd_tasks
010258c5   thread_sensor_poll
01025a69   pack_batched_periodic_data
01025a9d   send_periodic_data
01025b0d   send_pill_data_generic
01025c69   thread_tx
01025eb5   DestroyCircularBuffer
01025eb9   CreateCircularBuffer
01025f19   flush_audio_playback_buffer
01025f4d   set_isr_playback
01025f59   UDMAChannelSelect
01025f91   AudioCapturerGetDMADataPtr
01025f9d   SetupPingPongDMATransferTx
01026025   InitAudioCapture
010260bd   AudioRendererGetDMADataPtr
010260c5   SetupPingPongDMATransferRx
0102614d   InitAudioPlayback
010261f7   I2SEnable
0102625d   Audio_Start
01026269   hlo_audio_open_mono
01026431   AudioPlaybackTask
01026501   get_speech_server
01026539   parse_url
010265b9   hlo_http_post_opt
01026679   hlo_http_post
010266f5   init_background_energy
01026715   tinytensor_create_fullyconnected_layer
01026795   net_stats_init
010267b1   tinytensor_allocate_states
0102681d   tinytensor_features_initialize
01026849   get_aes
01026861   hlo_hmac_stream
01026901   ble_user_active
0102691d   CountHighestMsb
01026955   __aeabi_llsr
01026975   FixedPointLog2Q10
01026c65   set_background_energy
01026cf1   adpcm_coder
01026dd5   pause_gestures
01026de5   resume_gestures
01026df5   light_sensor_power
01026e71   keyword_net_pause_net_operation
01026e7d   set_modulation_intensity
01026e89   play_modulation
01026f4d   hlo_light_stream
01026fed   hlo_stream_bw_limited
0102706d   hlo_pb_encode
01027139   keyword_net_resume_net_operation
01027145   get_hmac
010271c5   tinytensor_free_states
010271f5   hlo_filter_voice_command
01027691   AudioControlTask
01027965   hci_decode
01027a2d   verify_top_update
01027a55   hci_crc16_compute_cont
01027bad   hci_encode
01027c95   slip_write
01027d09   hci_free
01027d45   top_board_dfu_begin
0102800d   UARTIntClear
0102804d   uart_block_saver_task
01028055   _encode_string_fields
0102810d   osi_MsgQWrite
01028139   DmaSpiSwIntHandler
01028171   _SlDrvMsgReadSpawnCtx
01028259   get_messeji_server
010284d9   pb_encode_submessage
0102859d   f_closedir
010285b1   hello_fs_closedir
0102882d   f_getfree
01028905   hello_fs_getfree
01028935   get_free_space
01028c95   GetBufferSize
01028cb1   IsBufferSizeFilled
01028cc5   Audio_Stop
01028cdd   DeinitAudioCapture
01028d21   DeinitAudioPlayback
01028d71   reset_audio
01028d99   UpdateReadPtr
01028dbd   ReadBuffer
01028e65   IsBufferVacant
01028e79   is_playback_active
01028e85   UpdateWritePtr
01028ea9   FillBuffer
01029171   _encode_wrapper
01029369   cmd_button
01029385   set_system_volume
010293b9   cmd_vol
010293d1   cmd_get_vol
010293ed   cmd_confidence
01029401   cmd_codec
01029455   codec_power_spkr
010294a9   cmd_pwr_speaker
010294e9   Cmd_hwver
0102952d   cmd_ch
01029549   Cmd_fault
01029561   Cmd_connect
010295e1   Cmd_disconnect
0102962d   sl_NetAppPing
0102980d   Cmd_ping
01029855   Cmd_time
010298d5   Cmd_status
010299f5   Cmd_readlight
01029a5d   Cmd_umnt
01029ab1   Cmd_ls
01029c51   Cmd_cd
01029c59   rm
01029c75   Cmd_rm
01029c7d   mkdir
01029c99   Cmd_mkdir
01029ca1   Cmd_inttemp
01029d9d   Cmd_read_temp_hum_press
01029dd1   strtoul
01029ee1   Cmd_meas_TVOC
01029f65   Cmd_set_tvenv
01029f81   Cmd_read_uv
0102a115   Cmd_read_temp_humid_old
0102a1b5   Cmd_uvr
0102a261   Cmd_uvw
0102a2e1   Cmd_dusttest
0102a331   bit_array_resize
0102a371   bit_array_init
0102a37b   ack_set_init
0102a3a3   bit_array_clz
0102a401   bit_array_get
0102a465   bit_array_count
0102a50f   bit_array_put
0102a56d   bit_array_rshift_bytes
0102a599   ack_set_remove
0102a62d   ack_set_update
0102a6f5   hlo_output_pb_wto
0102a785   hlo_output_pb
0102a78d   Cmd_pbstr
0102a885   fifo_stream_open
0102a8b5   Cmd_testhmac
0102a905   Cmd_audio_stop
0102a99d   ustrtoul
0102aa3d   random_stream_open
0102aa5d   uart_stream
0102aa7d   strchr
0102aa93   strsep
0102aad5   hlo_stream_en
0102ab49   hlo_http_get
0102aba1   hlo_stream_sr_cnv
0102ac19   open_stream_from_path
0102ae7d   Cmd_stream_transfer
0102af65   Cmd_AudioPlayback
0102afb9   Cmd_get_octogram
0102b049   Cmd_antsel
0102b0a1   factory_led_test_pattern
0102b0e5   Cmd_led
0102b2c9   Cmd_send_top
0102b329   Cmd_topdfu
0102b371   slip_dtm_mode
0102b38d   Cmd_top_dtm
0102b435   Cmd_led_animate
0102b6e1   Cmd_log_setview
0102b705   Cmd_version
0102b745   RNG_custom_init
0102b765   RC4_setup
0102b7a7   RC4_crypt
0102b7e5   get_random
0102b885   get_random_NZ
0102b8ad   save_aes_in_memory
0102b8c5   save_aes
0102b8ed   bi_depermanent
0102b905   bi_free
0102b931   bi_free_mod
0102b95d   bi_clear_cache
0102b985   bi_terminate
0102b9af   RSA_free
0102ba91   bi_permanent
0102baa9   bi_initialize
0102bafb   bi_import
0102bb59   __aeabi_uldivmod
0102bda5   bi_set_mod
0102bdf1   RSA_pub_key_new
0102be85   int_to_bi
0102be95   bi_clone
0102beed   bi_copy
0102bfa7   bi_multiply
0102bfb3   bi_compare
0102bfed   bi_subtract
0102c059   bi_add
0102c119   bi_divide
0102c399   bi_mod_power
0102c4d5   RSA_private
0102c4e5   RSA_public
0102c4f7   bi_export
0102c549   RSA_encrypt
0102c5d9   Cmd_generate_factory_data
0102c751   Cmd_test_key
0102c81d   Cmd_test_3200_rtc
0102c87d   Cmd_country
0102c939   Cmd_uptime
0102c95d   Cmd_sync
0102c96b   Cmd_led_clr
0102c981   Cmd_boot
0102c9a1   Cmd_get_gesture_count
0102c9c9   set_alarm
0102cbc1   set_test_alarm
0102cc55   cmd_set_time
0102ccc5   sl_WlanGetNetworkList
0102cd59   get_wifi_scan_result
0102ce95   Cmd_rssi
0102cf41   Cmd_setDev
0102d041   Cmd_scan_wifi
0102d13d   Cmd_nwpinfo
0102d14d   Cmd_gesture
0102d195   cmd_file_sync_upload
0102d1d1   cmd_test_neural_net
0102d259   pn_init_with_state
0102d279   pn_init_with_mask_10
0102d289   pn_stream_init
0102d325   pcm_set_ping_pong_incoming_stream_mode
0102d331   pn_read_stream_open
0102d345   pn_write_stream_open
0102d359   cmd_audio_self_test
0102d6b5   cmd_tap
0102d6dd   cmd_flipped
0102d825   I2CMasterIntStatusEx
0102d907   http_free
0102db21   _encode_read_id
0102dcc1   encode_file_info
0102ddd1   pb_encode_delimited
0102ddd5   encode_all_periodic_data
0102df2d   activate_top_ota
0102df39   wait_for_top_boot
0102df69   boot_commit_ota
0102e0e1   set_loglevel
0102e0ed   led_set_user_color
0102e461   encode_all_pills
0102e467   encode_all_prox
0102e49d   hlo_future_write
0102e6d9   is_alarm_ringing
0102e70d   tinytensor_features_force_voice_activity_detection
0102e7d5   audio_playing
0102e86f   mad_decoder_init
0102e89b   mad_bit_init
0102e8a7   mad_stream_init
0102e8dd   mad_header_init
0102e905   mad_frame_mute
0102e95d   mad_frame_init
0102e977   mad_synth_mute
0102e9af   mad_synth_init
0102e9cf   mad_bit_nextbyte
0102e9df   mad_stream_sync
0102ea21   mad_bit_skip
0102ea53   mad_bit_read
0102ead1   mad_bit_crc
0102ee59   mad_timer_set
0102f065   mad_header_decode
0102f219   mad_bit_length
0102f22d   mad_frame_decode
0102f2ad   mad_synth_frame
0102f31d   mad_frame_finish
0102f333   mad_stream_finish
0102f479   mad_decoder_run
0102f4ad   mad_decoder_finish
0102f4b1   hlo_filter_mp3_decoder
0102f581   unblock_sync
0102f5a9   pingRes
0102f621   ack_set_yield
0102f641   get_ws_server
0102f671   hlo_ws_stream
0102fb05   hlo_pb_decode
0102fd05   ble_proto_assign_decode_funcs
0102fd25   ble_proto_get_morpheus_command
0102fd69   ble_proto_free_morpheus_command
0102fdcb   pn_read_task
0102fde5   pn_get_next_bit
0102fe01   get_pn_sequence
0102ffc3   pn_correlate_1x_soft
0102ffcf   __aeabi_i2d
0102fffd   __aeabi_dsub
01030007   __aeabi_dadd
010301b3   __aeabi_d2iz
010301fb   __aeabi_dmul
010302f9   correlate
01030669   pn_write_task
0103094d   _SlDeviceHandleAsync_InitComplete
010309f9   _SlDeviceHandleAsync_Stop
01030a61   SimpleLinkGeneralEventHandler
01030a6d   _SlDrvIsApiInProgress
01030a8d   _SlDeviceHandleResetRequestInternally
01030af9   _SlFlowContSet
01030b21   _SlDeviceEventHandler
01030c21   SimpleLinkWlanEventHandler
01030d8d   SimpleLinkSockEventHandler
01030e8d   PRCMSlowClkCtrGet
01030ebd   SimpleLinkNetAppEventHandler
01030f71   _SlNetUtilHandleAsync_Cmd
0103102d   pb_ostream_from_buffer
01031399   send_to_download_queue
010313bd   _on_file_update
01031509   _decode_string_field
0103162d   hold_animate_progress_task
0103189d   on_pill_settings
01031a11   _on_file_download
01031af9   itohexstring
01031c61   http_parse_chunked
01031d01   http_parse_header_char
01031dbd   tolower
01031dcd   http_data
01032009   http_iserror
01032199   hlo_circbuf_stream_open
010321c9   audio_features_upload_task_buffer_bytes
01032261   tinytensor_create_new_tensor
01032369   tinytensor_eval_stateful_net
0103239f   net_stats_record_activation
010326a9   mad_stream_errorstr
010329cd   mad_stream_buffer
01032b79   hlo_stream_end
01032ba5   frame_pipe_encode
01032d5d   thread_frame_pipe_encode
01032d79   hlo_prep_for_pb
01032dad   frame_pipe_decode
01032f61   thread_frame_pipe_decode
01032f85   hlo_filter_throughput_test
01033011   fxd_sqrt
01033109   hlo_filter_modulate_led_with_sound
010331e9   adpcm_decoder
0103329d   hlo_filter_adpcm_decoder
01033361   hlo_filter_adpcm_encoder
010333f1   hlo_filter_nn_keyword_recognition
010334b1   Octogram_Init
01033559   Octogram_Update
010335a5   __aeabi_llsl
01033617   Octogram_GetResult
0103367d   hlo_filter_octogram
0103385d   get_unique_wifi_list
010339fd   _SlNetAppHandleAsync_DnsGetHostByName
01033a89   _SlNetAppHandleAsync_DnsGetHostByService
01033b71   _SlNetAppHandleAsync_PingResponse
01033bfd   SimpleLinkHttpServerCallback
01033c09   _SlDrvDispatchHttpServerEvents
01033c19   _SlDrvCmdSend_noLock
01033c85   _SlNetAppSendTokenValue
01033cf1   _SlNetAppSendResponse
01033dad   _SlNetAppEventHandler
01034495   _SlSocketHandleAsync_Accept
010344fd   _SlSocketHandleAsync_Connect
01034581   _SlSocketHandleAsync_Select
01034605   _SlNetAppHandleAsync_NetAppReceive
010346dd   _SlSocketHandleAsync_Close
01034949   pb_encode_svarint
010349dd   hlo_asm_accumulate
01034af3   tiny_tensor_get_descaling
01034c41   tinytensor_exp_q12
01034cc9   tinytensor_vec_softmax_in_place
01035011   sl_Htons
010352a5   UARTTxBytesFree
010364cf   pb_encode_fixed32
010364db   pb_encode_fixed64
010366ad   mad_layer_I
01036951   mad_layer_II
010389e1   mad_layer_III
01038ca1   pb_decode_varint
01038dcf   pb_decode_svarint
01039043   tinytensor_linear
01039065   DmaSwIntHandler
010390db   DmaErrorIntHandler
010390f1   _register_unlock
010390f7   _register_lock
010390ff   _nop
01039105   __TI_zero_init
01039117   delete_tensor
01039165   Cmd_fault_slow
0103918f   _SlDeviceResetRequestInitCompletedCB
010391bf   pb_decode_fixed32
010391cb   pb_decode_fixed64
0104b08e   MorpheusCommand_fields
0104b1e7   periodic_data_fields
0104b46c   _ctypes_
0104bf70   mad_huff_pair_table
0104c170   SyncResponse_fields
0104c754   SyncResponse_FileDownload_fields
0104c964   FileManifest_fields
0104cb3c   AudioControl_fields
0104ccf4   Message_fields
0104cd7b   batched_periodic_data_fields
0104ce02   pill_data_fields
0104d104   mad_huff_quad_table
0104d1fc   periodic_data_light_data_fields
0104d430   SpeechRequest_fields
0104d49a   PlayAudio_fields
0104d503   SyncResponse_Alarm_fields
0104d93c   OpcodeTranslateTable
0104d9fc   FileManifest_FileDownload_fields
0104da56   StopAudio_fields
0104da74   Volume_fields
0104da92   VoiceControl_fields
0104dbd0   FlagsTranslate
0104dbf4   _SlFsFileSysControlCmdCtrl
0104dbf8   _SlFsProgrammingCmdCtrl
0104dbfc   _SlFsGetFileListCmdCtrl
0104dcbc   _SlActionLookupTable
0104dd5a   SenseState_fields
0104dda6   hello_NTPDataPacket_fields
0104de40   sense_log_fields
0104de8c   AudioState_fields
0104ded7   wifi_endpoint_fields
0104e0c4   AudioClassifierMessage_fields
0104e100   FileManifest_FileOperationError_fields
0104e13c   FileManifest_File_fields
0104e178   FileManifest_MemoryInfo_fields
0104e1b4   KeywordStats_fields
0104e1f0   Preamble_fields
0104e22c   SyncResponse_WhiteNoise_fields
0104e268   batched_periodic_data_wifi_access_point_fields
0104e2a4   batched_pill_data_fields
0104e480   _SlNetAppSendTokenValueCmdCtrl
0104e484   _SlNetAppSendResponseCmdCtrl
0104e488   _SlNetAppReceiveCmdCtrl
0104e48c   _SlNetAppSendCmdCtrl
0104e4e4   _SlProvisioningCmdCtrl
0104e620   Ack_fields
0104e64e   FileManifest_LinkHealth_fields
0104e67b   IndividualKeywordHistogram_fields
0104e6a8   KeywordActivation_fields
0104e6d5   ReceiveMessageRequest_fields
0104e702   SyncResponse_PillSettings_fields
0104eab8   SyncResponse_Alarm_ringtone_id_default
0104eabc   BatchedPillSettings_fields
0104eb3a   BatchMessage_fields
0104ec94   SYSVIEW_X_OS_TraceAPI
0104eca4   SpeechRequest_eq_default
0104eca5   SpeechRequest_response_default
0104eca8   SpeechRequest_sampling_rate_default
0104ecac   mad_timer_zero
0104ecc8   __TI_table_binit
0104ecc8   __binit__
0104ecc8   binit
01060400   __TI_static_base__
010621e0   __TI_Handler_Table_Base
010621ec   __TI_Handler_Table_Limit
01062200   __TI_CINIT_Base
01062218   __TI_CINIT_Limit
20034000   gpCtlTbl
20034400   ping
20034800   ping_p
20034c00   pong
20035000   pong_p
20035a08   fsobj
20035ff0   gfpAppCallbackHndl
20036354   _SEGGER_RTT
20036478   g_ucDinDout
20036518   xQueueRegistry
200366dc   BME_i2c
20036754   bme280_cal
20036778   fsdirobj
20036870   file_info
20036938   DeviceCB
20036970   top_device_id
20036980   DMAMsgQ
20036988   GlobalLockObj
200369ec   dust_smphr
200369f4   g_cDummy
20036a0c   g_xRxLineSemaphore
20036a14   hlo_ack_queue
20036a1c   i2c_smphr
20036a3c   led_smphr
20036a58   p1
20036a5c   p2
20036a68   playback_isr_sem
20036a80   record_isr_sem
20036a98   spi_smphr
20036aa0   t_fine
20036aa8   RxIrqCnt
20036aac   iDone
20036ab1   xTaskGetCurrentTaskHandle
20036abd   xTaskGetSchedulerState
20036add   vTaskSetTimeOutState
20036b0d   vTaskSuspendAll
20036b1d   xTaskCheckForTimeOut
20036ba5   uxListRemove
20036bcb   vListInsertEnd
20036be5   xTaskRemoveFromEventList
20036c79   vTaskMissedYield
20036ce9   xTaskIncrementTick
20036e2d   xTaskResumeAll
20036f45   vTaskPriorityInherit
20036fdd   vListInsert
2003706d   vTaskPlaceOnEventList
20037109   pvTaskIncrementMutexHeldCount
20037121   xQueueGenericReceive
20037361   xQueueTakeMutexRecursive
200373a5   ulTaskNotifyTake
20037445   xTaskGetTickCount
2003745d   vTaskDelay
200374fd   xTaskPriorityDisinherit
20037641   xQueueGenericSend
2003787d   xQueueGiveMutexRecursive
200378b9   uxQueueSpacesAvailable
200378e1   xTaskRemoveFromUnorderedEventList
20037995   xEventGroupSetBits
20037a5d   xPortGetFreeHeapSize
20037a69   mem_Free
20037a69   vPortFree
20037b6d   vPortDefineHeapRegions
20037c85   pvPortMalloc
20037d55   vListInitialise
20037d6d   xQueueGenericReset
20037de1   xQueueGenericCreate
20037ea9   vListInitialiseItem
20037efd   pxPortInitialiseStack
20037f81   xTaskGenericCreate
20038109   vQueueAddToRegistry
200381b1   xTimerCreateTimerTask
20038201   vTaskSwitchContext
200382e9   xPortStartScheduler
20038375   osi_start
20038375   vTaskStartScheduler
200383e9   xEventGroupCreate
20038403   xQueueCreateMutex
20038451   vQueueUnregisterQueue
20038475   vQueueDelete
200384a5   xQueueGenericSendFromISR
200385f1   xTimerCreate
20038651   xEventGroupClearBits
200386c5   xTimerGenericCommand
2003873d   vTaskPlaceOnUnorderedEventList
200387e9   uxTaskResetEventItemValue
20038801   xEventGroupWaitBits
20038989   vTaskDelete
20038b89   xQueueGiveFromISR
20038c9d   bitexp
20038cc1   vTaskDelayUntil
20038d99   xTaskGetTickCountFromISR
20038f15   vTaskPlaceOnEventListRestricted
20038f95   vQueueWaitForMessageRestricted
2003912d   pvPortRealloc
2003933d   bitlog
20039369   uxQueueMessagesWaiting
2003942d   uxTaskGetSystemState
200394c9   vTaskList
2003958d   tinytensor_create_lstm_layer
200395d9   keyword_net_initialize
2003962d   keyword_net_register_callback
20039651   keyword_net_register_speech_callback
20039661   fxd_sin
200396a5   fft
200397dd   tinytensor_features_get_mel_bank
20039b91   keyword_net_add_audio_samples
20039b91   tinytensor_features_add_samples
20039c09   keyword_net_deinitialize
20039c29   vTaskNotifyGiveFromISR
20039d2d   DMAPingPongCompleteAppCB_opt
2003a379   fix_window
2003a781   tinytensor_tanh
2003c874   g_sCmdTable
2003d070   pTxBuffer
2003d074   pRxBuffer
2003d078   booted
2003d079   use_dev_server
2003d08c   provisioning_mode
2003d090   data_queue
2003d094   force_data_queue
2003d098   pill_queue
2003d09c   pill_prox_queue
2003d0a0   data_queue_batch_size
2003d0a4   pill_queue_batch_size
2003d0a8   top_got_device_id
2003d0f8   folders
2003d12c   query_delay_ticks
2003d130   pxCurrentTCB
2003d164   sl_mode
2003d168   aes_key
2003d1e4   subscriptions
2003d258   need_init_lights
2003d259   needs_startup_sound
2003d25a   needs_pairing_animation
2003d25b   top_version
2003d304   audio_sig_stop
2003d308   disable_voice
2003d318   guiDMATransferCountTx
2003d31c   guiDMATransferCountRx
2003d320   _pcm_ping_pong_incoming_stream_mode
2003d328   ch
2003d350   led_duration
2003d35c   _tz
2003d36c   xHigherPriorityTaskWoken
2003d370   xSimpleLinkSpawnQueue
2003d374   xSimpleLinkSpawnTaskHndl
2003d390   tvoc_wa
2003d394   sys_volume
2003d39c   sync_fnc
2003d3a0   idlecnt
2003d3a4   last_upload_time
2003d3a8   gGlobalLockCntRequested
2003d3a9   gGlobalLockCntReleased
2003d3aa   g_SlDeviceStatus
2003d3ac   g_pCB
2003d3b0   pPingCallBackFunc
2003d3cc   g_SpiFd
2003d3d0   g_pHostIntHdl
2003d3d4   g_ucDMAEnabled
2003d3f0   _lock
2003d3f4   _unlock
2003d3f8   __TI_cleanup_ptr
2003d3fc   __TI_dtors_ptr
2003d400   download_queue
2003d410   hw_ver
2003d414   _rx_queue
2003d41c   _Errno
2003d424   main_func_sp
2003d800   ulRAMVectorTable
2003fa00   __stack
20040000   __STACK_END
ffffffff   __c_args__
UNDEFED    SHT$$INIT_ARRAY$$Base
UNDEFED    SHT$$INIT_ARRAY$$Limit

[1182 symbols]
